Microchip MPLAB XC8 Compiler V3.00

Linker command line:

-W-3 \
  --edf=C:\Program Files\Microchip\xc8\v3.00\pic\dat\20241204225717_en.msgs \
  -cn -h+dist/default/production\tablet.X.production.sym \
  --cmf=dist/default/production\tablet.X.production.cmf -z -Q18F4520 \
  -oC:\Users\yeuhw\AppData\Local\Temp\xcAs2i0.\driver_tmp_3.o \
  --defsym=__MPLAB_BUILD=1 --fixupoverflow=error \
  -Mdist/default/production/tablet.X.production.map \
  --md=C:\Users\yeuhw\AppData\Local\Temp\xcAs2i0.\driver_tmp_0.dat -E1 \
  -ver=XC8 Compiler -ACODE=00h-07FFFh -ACONST=00h-07FFFh \
  -ASMALLCONST=0600h-06FFhx122 -AMEDIUMCONST=0600h-07FFFh -ACOMRAM=01h-07Fh \
  -AABS1=00h-05FFh -ABIGRAM=01h-05FFh -ARAM=080h-0FFh,0100h-01FFhx5 \
  -ABANK0=080h-0FFh -ABANK1=0100h-01FFh -ABANK2=0200h-02FFh \
  -ABANK3=0300h-03FFh -ABANK4=0400h-04FFh -ABANK5=0500h-05FFh \
  -ASFR=0F80h-0FFFh -ABIGSFR=0F80h-0FFFh -ACONFIG=0300000h-030000Dh \
  -AIDLOC=0200000h-0200007h -AEEDATA=0F00000h-0F000FFh -peeprom_data=EEDATA \
  -preset_vec=00h,intcode=8h,intcodelo=18h,sivt_lo,sivt_hi=CODE \
  -ppowerup=CODE,init -pramtop=0600h -psmallconst=SMALLCONST \
  -pmediumconst=MEDIUMCONST -pconst=CONST -AFARRAM=00h-00h \
  -prdata=COMRAM,nvrram=COMRAM,nvbit=COMRAM,rbss=COMRAM,rbit=COMRAM \
  -pfarbss=FARRAM,fardata=FARRAM,nvFARRAM=FARRAM \
  -pintsave_regs=BIGRAM,bigbss=BIGRAM,bigdata=BIGRAM -pbss=RAM \
  -pidata=CODE,irdata=CODE,ibigdata=CODE,ifardata=CODE -prparam=COMRAM \
  C:\Users\yeuhw\AppData\Local\Temp\xcAs2i0.\driver_tmp_14.o \
  dist/default/production\tablet.X.production.o 

Object code version is 3.11

Machine type is 18F4520



                Name                               Link     Load   Length Selector   Space Scale
C:\Users\yeuhw\AppData\Local\Temp\xcAs2i0.\driver_tmp_14.o
                idloc                            200000   200000        8        0       5
                config                           300000   300000        E        0       4
                init                                 6C       6C        4        C       0
                reset_vec                             0        0        4        0       0
dist/default/production\tablet.X.production.o
                intcodelo                            18       18       54        C       0
                intcode                               8        8        6        4       0
                idloc                            200000   200000        8        0       5
                config                           300000   300000        E        0       4
                temp                                 77       77        1        1       1
                smallconst                          600      600        8      300       0
                text29                              E78      E78       16      304       0
                text28                              AA2      AA2       7E      304       0
                text27                              888      888       C2      304       0
                text26                              94A      94A       AE      304       0
                text25                              D04      D04       34      304       0
                text24                              EC4      EC4        2      304       0
                text23                              9F8      9F8       AA      304       0
                text22                              608      608      1B8      304       0
                text21                              C56      C56       3E      304       0
                text20                              CD0      CD0       34      304       0
                text19                              C94      C94       3C      304       0
                text18                              BD2      BD2       46      304       0
                text17                              E62      E62       16      304       0
                text16                              DA8      DA8       22      304       0
                text15                              DE8      DE8       1E      304       0
                intcode_body                        7C0      7C0       C8      304       0
                text13                              E1E      E1E       18      304       0
                text12                              B20      B20       6C      304       0
                text10                              EA2      EA2       12      304       0
                text9                               D38      D38       2C      304       0
                text8                               EBC      EBC        8      304       0
                text7                               EB4      EB4        8      304       0
                text6                               E8E      E8E       14      304       0
                text5                               D86      D86       22      304       0
                text4                               E4C      E4C       16      304       0
                text3                               E36      E36       16      304       0
                text2                               D64      D64       22      304       0
                text1                               DCA      DCA       1E      304       0
                text0                               C18      C18       3E      304       0
                cstackCOMRAM                          1        1       41        1       1
                cstackBANK0                          E8       E8        C       80       1
                cstackBANK1                         100      100        5      100       1
                bssBANK0                             80       80       68       80       1
                dataCOMRAM                           5F       5F       18        1       1
                bssCOMRAM                            42       42       1D        1       1
                cinit                               B8C      B8C       46      304       0
                idataCOMRAM                         E06      E06       18      304       0

TOTAL           Name                               Link     Load   Length     Space
        CLASS   CODE           
                intcodelo                            18       18       54         0
                intcode                               8        8        6         0
                init                                 6C       6C        4         0
                reset_vec                             0        0        4         0
                text29                              E78      E78       16         0
                text28                              AA2      AA2       7E         0
                text27                              888      888       C2         0
                text26                              94A      94A       AE         0
                text25                              D04      D04       34         0
                text24                              EC4      EC4        2         0
                text23                              9F8      9F8       AA         0
                text22                              608      608      1B8         0
                text21                              C56      C56       3E         0
                text20                              CD0      CD0       34         0
                text19                              C94      C94       3C         0
                text18                              BD2      BD2       46         0
                text17                              E62      E62       16         0
                text16                              DA8      DA8       22         0
                text15                              DE8      DE8       1E         0
                intcode_body                        7C0      7C0       C8         0
                text13                              E1E      E1E       18         0
                text12                              B20      B20       6C         0
                text10                              EA2      EA2       12         0
                text9                               D38      D38       2C         0
                text8                               EBC      EBC        8         0
                text7                               EB4      EB4        8         0
                text6                               E8E      E8E       14         0
                text5                               D86      D86       22         0
                text4                               E4C      E4C       16         0
                text3                               E36      E36       16         0
                text2                               D64      D64       22         0
                text1                               DCA      DCA       1E         0
                text0                               C18      C18       3E         0
                cinit                               B8C      B8C       46         0
                idataCOMRAM                         E06      E06       18         0

        CLASS   CONST          

        CLASS   SMALLCONST     
                smallconst                          600      600        8         0

        CLASS   MEDIUMCONST    

        CLASS   COMRAM         
                temp                                 77       77        1         1
                cstackCOMRAM                          1        1       41         1
                dataCOMRAM                           5F       5F       18         1
                bssCOMRAM                            42       42       1D         1

        CLASS   ABS1           

        CLASS   BIGRAM         

        CLASS   RAM            

        CLASS   BANK0          
                cstackBANK0                          E8       E8        C         1
                bssBANK0                             80       80       68         1

        CLASS   BANK1          
                cstackBANK1                         100      100        5         1

        CLASS   BANK2          

        CLASS   BANK3          

        CLASS   BANK4          

        CLASS   BANK5          

        CLASS   SFR            

        CLASS   BIGSFR         

        CLASS   CONFIG         
                config                           300000   300000        E         4

        CLASS   IDLOC          
                idloc                            200000   200000        8         5

        CLASS   EEDATA         

        CLASS   FARRAM         

        CLASS   HEAP           

        CLASS   STACK          



SEGMENTS        Name                           Load    Length   Top    Selector   Space  Class

                reset_vec                      000000  000004  000004         0       0  CODE    
                cstackCOMRAM                   000001  000077  000078         1       1  COMRAM  
                intcode                        000008  000006  00000E         4       0  CODE    
                intcodelo                      000018  000058  000070         C       0  CODE    
                bssBANK0                       000080  000074  0000F4        80       1  BANK0   
                cstackBANK1                    000100  000005  000105       100       1  BANK1   
                smallconst                     000600  000008  000608       300       0  SMALLCON
                text22                         000608  0008BE  000EC6       304       0  CODE    


UNUSED ADDRESS RANGES

        Name                Unused          Largest block    Delta
        BANK0            0000F4-0000FF                C
        BANK1            000105-0001FF               FB
        BANK2            000200-0002FF              100
        BANK3            000300-0003FF              100
        BANK4            000400-0004FF              100
        BANK5            000500-0005FF              100
        BIGRAM           000078-00007F                8
                         0000F4-0000FF                C
                         000105-0005FF              4FB
        BIGSFR           000F80-000FFF               80
        CODE             000004-000007                4
                         00000E-000017                A
                         000070-0005FF              590
                         000EC6-007FFF             713A
        COMRAM           000078-00007F                8
        CONST            000004-000007                4
                         00000E-000017                A
                         000070-0005FF              590
                         000EC6-007FFF             713A
        EEDATA           F00000-F000FF              100
        MEDIUMCONST      000EC6-007FFF             713A
        RAM              0000F4-0000FF                C
                         000105-0005FF              100
        SFR              000F80-000FFF               80
        SMALLCONST       000EC6-007FFF              100

                                  Symbol Table

?___awdiv                      cstackCOMRAM 000001
?___awmod                      cstackCOMRAM 000001
?_abs                          cstackCOMRAM 000007
?_sprintf                      cstackCOMRAM 00001A
?_vfprintf                     cstackCOMRAM 000016
MyusartRead@ch                 cstackBANK0  0000F3
UART_Write@data                cstackBANK0  0000F2
UART_Write_Text@i              cstackCOMRAM 000006
UART_Write_Text@text           cstackCOMRAM 000002
_ADCON0bits                    (abs)        000FC2
_ADCON1bits                    (abs)        000FC1
_ADCON2bits                    (abs)        000FC0
_ADC_Initialize                text9        000D38
_ADRESH                        (abs)        000FC4
_ADRESL                        (abs)        000FC3
_ANPinReset                    text3        000E36
_BAUDCONbits                   (abs)        000FB8
_CCP1CON                       (abs)        000FBD
_CCP1CONbits                   (abs)        000FBD
_CCP2CON                       (abs)        000FBA
_CCP2CONbits                   (abs)        000FBA
_CCPR1L                        (abs)        000FBE
_CCPR2L                        (abs)        000FBB
_CREN                          (abs)        007D5C
_Hi_ISR                        intcode      000008
_INTCONbits                    (abs)        000FF2
_INTERRUPT_Initialize          text8        000EBC
_IPR1bits                      (abs)        000F9F
_IRCF0                         (abs)        007E9C
_IRCF1                         (abs)        007E9D
_IRCF2                         (abs)        007E9E
_Kdx                           dataCOMRAM   00006B
_Kdy                           dataCOMRAM   00005F
_Kix                           dataCOMRAM   00006F
_Kiy                           dataCOMRAM   000063
_Kpx                           dataCOMRAM   000073
_Kpy                           dataCOMRAM   000067
_LATAbits                      (abs)        000F89
_LATBbits                      (abs)        000F8A
_LEDInit                       text10       000EA2
_Lo_ISR                        intcodelo    000018
_MyusartRead                   text12       000B20
_OSCILLATOR_Initialize         text7        000EB4
_PIE1bits                      (abs)        000F9D
_PIR1bits                      (abs)        000F9E
_PR2                           (abs)        000FCB
_RCIF                          (abs)        007CF5
_RCONbits                      (abs)        000FD0
_RCREG                         (abs)        000FAE
_RCSTAbits                     (abs)        000FAB
_SPBRG                         (abs)        000FAF
_SYSTEM_Initialize             text4        000E4C
_T1CONbits                     (abs)        000FCD
_T2CONbits                     (abs)        000FCA
_TMR1H                         (abs)        000FCF
_TMR1L                         (abs)        000FCE
_TMR2_Initialize               text6        000E8E
_TRISAbits                     (abs)        000F92
_TRISBbits                     (abs)        000F93
_TRISCbits                     (abs)        000F94
_TXREG                         (abs)        000FAD
_TXSTAbits                     (abs)        000FAC
_UART_Initialize               text5        000D86
_UART_Write                    text13       000E1E
_UART_Write_Text               text28       000AA2
__HRAM                         (abs)        000000
__H__absolute__                __absolute__ 000000
__Habs1                        abs1         000000
__Hbank0                       bank0        000000
__Hbank1                       bank1        000000
__Hbank2                       bank2        000000
__Hbank3                       bank3        000000
__Hbank4                       bank4        000000
__Hbank5                       bank5        000000
__Hbigbss                      bigbss       000000
__Hbigdata                     bigdata      000000
__Hbigram                      bigram       000000
__Hbigsfr                      bigsfr       000000
__Hbss                         bss          000000
__HbssBANK0                    bssBANK0     000000
__HbssCOMRAM                   bssCOMRAM    000000
__Hcinit                       cinit        000000
__Hclrtext                     clrtext      000000
__Hcomram                      comram       000000
__Hconfig                      config       30000E
__Hconst                       const        000000
__HcstackBANK0                 cstackBANK0  000000
__HcstackBANK1                 cstackBANK1  000000
__HcstackCOMRAM                cstackCOMRAM 000000
__Hdata                        data         000000
__HdataCOMRAM                  dataCOMRAM   000000
__Heeprom_data                 eeprom_data  000000
__Hfarbss                      farbss       000000
__Hfardata                     fardata      000000
__Hheap                        heap         000000
__Hibigdata                    ibigdata     000000
__Hidata                       idata        000000
__HidataCOMRAM                 idataCOMRAM  000000
__Hidloc                       idloc        200008
__Hifardata                    ifardata     000000
__Hinit                        init         000070
__Hintcode                     intcode      00000E
__Hintcode_body                intcode_body 000000
__Hintcodelo                   intcodelo    00006C
__Hintentry                    intentry     000000
__Hintret                      intret       000000
__Hintsave_regs                intsave_regs 000000
__Hirdata                      irdata       000000
__Hmediumconst                 mediumconst  000000
__HnvFARRAM                    nvFARRAM     000000
__Hnvbit                       nvbit        000000
__Hnvrram                      nvrram       000000
__Hparam                       rparam       000000
__Hpowerup                     powerup      000000
__Hram                         ram          000000
__Hramtop                      ramtop       000600
__Hrbit                        rbit         000000
__Hrbss                        rbss         000000
__Hrdata                       rdata        000000
__Hreset_vec                   reset_vec    000004
__Hrparam                      rparam       000000
__Hsfr                         sfr          000000
__Hsivt_hi                     sivt_hi      000000
__Hsivt_lo                     sivt_lo      00006C
__Hsmallconst                  smallconst   000608
__Hspace_0                     (abs)        000EC6
__Hspace_1                     (abs)        000105
__Hspace_2                     (abs)        000000
__Hspace_4                     (abs)        60000E
__Hstack                       stack        000000
__Hstruct                      struct       000000
__Htemp                        temp         000078
__Htext                        text         000000
__Htext0                       text0        000000
__Htext1                       text1        000000
__Htext10                      text10       000000
__Htext12                      text12       000000
__Htext13                      text13       000000
__Htext15                      text15       000000
__Htext16                      text16       000000
__Htext17                      text17       000000
__Htext18                      text18       000000
__Htext19                      text19       000000
__Htext2                       text2        000000
__Htext20                      text20       000000
__Htext21                      text21       000000
__Htext22                      text22       000000
__Htext23                      text23       000000
__Htext24                      text24       000000
__Htext25                      text25       000000
__Htext26                      text26       000000
__Htext27                      text27       000000
__Htext28                      text28       000000
__Htext29                      text29       000000
__Htext3                       text3        000000
__Htext4                       text4        000000
__Htext5                       text5        000000
__Htext6                       text6        000000
__Htext7                       text7        000000
__Htext8                       text8        000000
__Htext9                       text9        000000
__LRAM                         (abs)        000001
__L__absolute__                __absolute__ 000000
__Labs1                        abs1         000000
__Lbank0                       bank0        000000
__Lbank1                       bank1        000000
__Lbank2                       bank2        000000
__Lbank3                       bank3        000000
__Lbank4                       bank4        000000
__Lbank5                       bank5        000000
__Lbigbss                      bigbss       000000
__Lbigdata                     bigdata      000000
__Lbigram                      bigram       000000
__Lbigsfr                      bigsfr       000000
__Lbss                         bss          000000
__LbssBANK0                    bssBANK0     000000
__LbssCOMRAM                   bssCOMRAM    000000
__Lcinit                       cinit        000000
__Lclrtext                     clrtext      000000
__Lcomram                      comram       000000
__Lconfig                      config       000000
__Lconst                       const        000000
__LcstackBANK0                 cstackBANK0  000000
__LcstackBANK1                 cstackBANK1  000000
__LcstackCOMRAM                cstackCOMRAM 000000
__Ldata                        data         000000
__LdataCOMRAM                  dataCOMRAM   000000
__Leeprom_data                 eeprom_data  000000
__Lfarbss                      farbss       000000
__Lfardata                     fardata      000000
__Lheap                        heap         000000
__Libigdata                    ibigdata     000000
__Lidata                       idata        000000
__LidataCOMRAM                 idataCOMRAM  000000
__Lidloc                       idloc        000000
__Lifardata                    ifardata     000000
__Linit                        init         00006C
__Lintcode                     intcode      000008
__Lintcode_body                intcode_body 000000
__Lintcodelo                   intcodelo    000018
__Lintentry                    intentry     000000
__Lintret                      intret       000000
__Lintsave_regs                intsave_regs 000000
__Lirdata                      irdata       000000
__Lmediumconst                 mediumconst  000000
__LnvFARRAM                    nvFARRAM     000000
__Lnvbit                       nvbit        000000
__Lnvrram                      nvrram       000000
__Lparam                       rparam       000000
__Lpowerup                     powerup      000000
__Lram                         ram          000000
__Lramtop                      ramtop       000600
__Lrbit                        rbit         000000
__Lrbss                        rbss         000000
__Lrdata                       rdata        000000
__Lreset_vec                   reset_vec    000000
__Lrparam                      rparam       000000
__Lsfr                         sfr          000000
__Lsivt_hi                     sivt_hi      000000
__Lsivt_lo                     sivt_lo      00006C
__Lsmallconst                  smallconst   000600
__Lspace_0                     (abs)        000000
__Lspace_1                     (abs)        000000
__Lspace_2                     (abs)        000000
__Lspace_4                     (abs)        000000
__Lstack                       stack        000000
__Lstruct                      struct       000000
__Ltemp                        temp         000077
__Ltext                        text         000000
__Ltext0                       text0        000000
__Ltext1                       text1        000000
__Ltext10                      text10       000000
__Ltext12                      text12       000000
__Ltext13                      text13       000000
__Ltext15                      text15       000000
__Ltext16                      text16       000000
__Ltext17                      text17       000000
__Ltext18                      text18       000000
__Ltext19                      text19       000000
__Ltext2                       text2        000000
__Ltext20                      text20       000000
__Ltext21                      text21       000000
__Ltext22                      text22       000000
__Ltext23                      text23       000000
__Ltext24                      text24       000000
__Ltext25                      text25       000000
__Ltext26                      text26       000000
__Ltext27                      text27       000000
__Ltext28                      text28       000000
__Ltext29                      text29       000000
__Ltext3                       text3        000000
__Ltext4                       text4        000000
__Ltext5                       text5        000000
__Ltext6                       text6        000000
__Ltext7                       text7        000000
__Ltext8                       text8        000000
__Ltext9                       text9        000000
__S0                           (abs)        000EC6
__S1                           (abs)        000105
__S4                           (abs)        000000
__S5                           (abs)        000000
___awdiv                       text27       000888
___awdiv@counter               cstackCOMRAM 000005
___awdiv@dividend              cstackCOMRAM 000001
___awdiv@divisor               cstackCOMRAM 000003
___awdiv@quotient              cstackCOMRAM 000007
___awdiv@sign                  cstackCOMRAM 000006
___awmod                       text26       00094A
___awmod@counter               cstackCOMRAM 000005
___awmod@dividend              cstackCOMRAM 000001
___awmod@divisor               cstackCOMRAM 000003
___awmod@sign                  cstackCOMRAM 000006
___heap_hi                     (abs)        000000
___heap_lo                     (abs)        000000
___inthi_sp                    stack        000000
___inthi_stack_hi              stack        000000
___inthi_stack_lo              stack        000000
___intlo_sp                    stack        000000
___intlo_stack_hi              stack        000000
___intlo_stack_lo              stack        000000
___param_bank                  (abs)        000000
___rparam_used                 (abs)        000001
___sp                          stack        000000
___stack_hi                    stack        000000
___stack_lo                    stack        000000
__accesstop                    (abs)        000080
__activetblptr                 (abs)        000002
__end_of_ADC_Initialize        text9        000D64
__end_of_ANPinReset            text3        000E4C
__end_of_Hi_ISR                intcode_body 000888
__end_of_INTERRUPT_Initialize  text8        000EC4
__end_of_LEDInit               text10       000EB4
__end_of_Lo_ISR                intcodelo    00006C
__end_of_MyusartRead           text12       000B8C
__end_of_OSCILLATOR_Initialize text7        000EBC
__end_of_SYSTEM_Initialize     text4        000E62
__end_of_TMR2_Initialize       text6        000EA2
__end_of_UART_Initialize       text5        000DA8
__end_of_UART_Write            text13       000E36
__end_of_UART_Write_Text       text28       000B20
__end_of___awdiv               text27       00094A
__end_of___awmod               text26       0009F8
__end_of__initialization       cinit        000BC4
__end_of_abs                   text25       000D38
__end_of_adc0Init              text2        000D86
__end_of_adc1Init              text1        000DE8
__end_of_fputc                 text23       000AA2
__end_of_main                  text0        000C56
__end_of_putch                 text24       000EC6
__end_of_readX                 text19       000CD0
__end_of_readY                 text18       000C18
__end_of_sprintf               text20       000D04
__end_of_vfpfcnvrt             text22       0007C0
__end_of_vfprintf              text21       000C94
__end_ofi2_ANPinReset          text17       000E78
__end_ofi2_UART_Write          text29       000E8E
__end_ofi2_adc0Init            text16       000DCA
__end_ofi2_adc1Init            text15       000E06
__initialization               cinit        000B8C
__mediumconst                  smallconst   000600
__pbssBANK0                    bssBANK0     000080
__pbssCOMRAM                   bssCOMRAM    000042
__pcinit                       cinit        000B8C
__pcstackBANK0                 cstackBANK0  0000E8
__pcstackBANK1                 cstackBANK1  000100
__pcstackCOMRAM                cstackCOMRAM 000001
__pdataCOMRAM                  dataCOMRAM   00005F
__pidataCOMRAM                 idataCOMRAM  000E06
__pintcode                     intcode      000008
__pintcode_body                intcode_body 0007C0
__pintcodelo                   intcodelo    000018
__psmallconst                  smallconst   000600
__ptext0                       text0        000C18
__ptext1                       text1        000DCA
__ptext10                      text10       000EA2
__ptext12                      text12       000B20
__ptext13                      text13       000E1E
__ptext15                      text15       000DE8
__ptext16                      text16       000DA8
__ptext17                      text17       000E62
__ptext18                      text18       000BD2
__ptext19                      text19       000C94
__ptext2                       text2        000D64
__ptext20                      text20       000CD0
__ptext21                      text21       000C56
__ptext22                      text22       000608
__ptext23                      text23       0009F8
__ptext24                      text24       000EC4
__ptext25                      text25       000D04
__ptext26                      text26       00094A
__ptext27                      text27       000888
__ptext28                      text28       000AA2
__ptext29                      text29       000E78
__ptext3                       text3        000E36
__ptext4                       text4        000E4C
__ptext5                       text5        000D86
__ptext6                       text6        000E8E
__ptext7                       text7        000EB4
__ptext8                       text8        000EBC
__ptext9                       text9        000D38
__ramtop                       ramtop       000600
__smallconst                   smallconst   000600
_abs                           text25       000D04
_adc0Init                      text2        000D64
_adc1Init                      text1        000DCA
_axis                          bssCOMRAM    00005A
_dbuf                          bssBANK0     000080
_errorx                        bssBANK0     0000BC
_errory                        bssBANK0     0000B4
_flags                         bssCOMRAM    00005E
_fputc                         text23       0009F8
_integralx                     bssCOMRAM    00004E
_integraly                     bssCOMRAM    00004A
_lastErrorx                    bssCOMRAM    000046
_lastErrory                    bssCOMRAM    000042
_lastRead                      bssCOMRAM    00005C
_lenStr                        bssCOMRAM    000058
_main                          text0        000C18
_mystring                      bssBANK0     0000D4
_prec                          bssCOMRAM    000054
_putch                         text24       000EC4
_readX                         text19       000C94
_readY                         text18       000BD2
_sprintf                       text20       000CD0
_str                           bssBANK0     0000A0
_stringReady                   bssCOMRAM    000056
_vfpfcnvrt                     text22       000608
_vfprintf                      text21       000C56
_width                         bssCOMRAM    000052
_xFiltered                     bssBANK0     0000CC
_yFiltered                     bssBANK0     0000C4
abs@a                          cstackCOMRAM 000007
btemp                          temp         000077
end_of_initialization          cinit        000BC4
fputc@c                        cstackCOMRAM 000001
fputc@fp                       cstackCOMRAM 000003
i2UART_Write@data              cstackCOMRAM 000001
i2_ANPinReset                  text17       000E62
i2_UART_Write                  text29       000E78
i2_adc0Init                    text16       000DA8
i2_adc1Init                    text15       000DE8
int$flags                      temp         000077
int_func                       intcode_body 0007C0
intlevel0                      text         000000
intlevel1                      text         000000
intlevel2                      text         000000
intlevel3                      text         000000
isa$std                        (abs)        000001
isa$xinst                      (abs)        000000
readX@adcRead                  cstackCOMRAM 000040
readX@value                    cstackCOMRAM 00002C
readY@adcRead                  cstackCOMRAM 000040
readY@value                    cstackCOMRAM 00002C
sprintf@ap                     cstackCOMRAM 00001E
sprintf@f                      cstackCOMRAM 00001F
sprintf@fmt                    cstackCOMRAM 00001B
sprintf@s                      cstackCOMRAM 00001A
stackhi                        (abs)        000000
stacklo                        (abs)        000000
start                          init         00006C
start_initialization           cinit        000B8C
ttemp5                         temp         000078
ttemp6                         temp         00007B
ttemp7                         temp         00007F
vfpfcnvrt@ap                   cstackCOMRAM 00000D
vfpfcnvrt@c                    cstackCOMRAM 000015
vfpfcnvrt@convarg              cstackCOMRAM 000011
vfpfcnvrt@cp                   cstackCOMRAM 000010
vfpfcnvrt@done                 cstackCOMRAM 00000F
vfpfcnvrt@fmt                  cstackCOMRAM 00000C
vfpfcnvrt@fp                   cstackCOMRAM 00000B
vfprintf@ap                    cstackCOMRAM 000018
vfprintf@cfmt                  cstackCOMRAM 000019
vfprintf@fmt                   cstackCOMRAM 000017
vfprintf@fp                    cstackCOMRAM 000016
wtemp8                         temp         000078


MODULE INFORMATION

Module		Function		Class		Link	Load	Size
C:\Program Files\Microchip\xc8\v3.00\pic\sources\c99\common\abs.c
		_abs           		CODE           	0D04	0000	52

C:\Program Files\Microchip\xc8\v3.00\pic\sources\c99\common\abs.c estimated size: 52

setting_hardaware/interrupt_manager.c
		_INTERRUPT_Initialize		CODE           	0EBC	0000	8

setting_hardaware/interrupt_manager.c estimated size: 8

C:\Program Files\Microchip\xc8\v3.00\pic\sources\c99\common\nf_fputc.c
		_fputc         		CODE           	09F8	0000	170

C:\Program Files\Microchip\xc8\v3.00\pic\sources\c99\common\nf_fputc.c estimated size: 170

setting_hardaware/uart.c
		_Lo_ISR        		CODE           	0018	0000	84
		_MyusartRead   		CODE           	0B20	0000	108
		_UART_Write_Text		CODE           	0AA2	0000	126
		_UART_Initialize		CODE           	0D86	0000	34
		_UART_Write    		CODE           	0E1E	0000	24

setting_hardaware/uart.c estimated size: 376

C:\Program Files\Microchip\xc8\v3.00\pic\sources\c99\common\nf_sprintf.c
		_sprintf       		CODE           	0CD0	0000	52

C:\Program Files\Microchip\xc8\v3.00\pic\sources\c99\common\nf_sprintf.c estimated size: 52

setting_hardaware/adc.c
		_ADC_Initialize		CODE           	0D38	0000	44

setting_hardaware/adc.c estimated size: 44

C:\Program Files\Microchip\xc8\v3.00\pic\sources\c99\common\awmod.c
		___awmod       		CODE           	094A	0000	174

C:\Program Files\Microchip\xc8\v3.00\pic\sources\c99\common\awmod.c estimated size: 174

C:\Program Files\Microchip\xc8\v3.00\pic\sources\c99\common\putch.c
		_putch         		CODE           	0EC4	0000	2

C:\Program Files\Microchip\xc8\v3.00\pic\sources\c99\common\putch.c estimated size: 2

shared
		i2_adc0Init    		CODE           	0DA8	0000	34
		i2_UART_Write  		CODE           	0E78	0000	22
		__initialization		CODE           	0B8C	0000	56
		i2_adc1Init    		CODE           	0DE8	0000	30
		i2_ANPinReset  		CODE           	0E62	0000	22

shared estimated size: 164

setting_hardaware/setting.c
		_TMR2_Initialize		CODE           	0E8E	0000	20
		_OSCILLATOR_Initialize		CODE           	0EB4	0000	8
		_SYSTEM_Initialize		CODE           	0E4C	0000	22

setting_hardaware/setting.c estimated size: 50

C:\Program Files\Microchip\xc8\v3.00\pic\sources\c99\common\awdiv.c
		___awdiv       		CODE           	0888	0000	194

C:\Program Files\Microchip\xc8\v3.00\pic\sources\c99\common\awdiv.c estimated size: 194

main.c
		_adc0Init      		CODE           	0D64	0000	34
		_main          		CODE           	0C18	0000	62
		_adc1Init      		CODE           	0DCA	0000	30
		_readX         		CODE           	0C94	0000	60
		_LEDInit       		CODE           	0EA2	0000	18
		_ANPinReset    		CODE           	0E36	0000	22
		_readY         		CODE           	0BD2	0000	70
		_Hi_ISR        		CODE           	0008	0000	206

main.c estimated size: 502

C:\Program Files\Microchip\xc8\v3.00\pic\sources\c99\common\doprnt.c
		_vfpfcnvrt     		CODE           	0608	0000	440
		_vfprintf      		CODE           	0C56	0000	62

C:\Program Files\Microchip\xc8\v3.00\pic\sources\c99\common\doprnt.c estimated size: 502

