Microchip MPLAB XC8 Compiler V3.00

Linker command line:

-W-3 \
  --edf=C:\Program Files\Microchip\xc8\v3.00\pic\dat\20241204225717_en.msgs \
  -cn -h+dist/default/debug\bowling.X.debug.sym \
  --cmf=dist/default/debug\bowling.X.debug.cmf -z -Q18F4520 \
  -oC:\Users\yeuhw\AppData\Local\Temp\xcAs6r0.\driver_tmp_3.o \
  --defsym=__MPLAB_BUILD=1 --fixupoverflow=error \
  -Mdist/default/debug/bowling.X.debug.map \
  --md=C:\Users\yeuhw\AppData\Local\Temp\xcAs6r0.\driver_tmp_0.dat -E1 \
  -ver=XC8 Compiler -ACODE=00h-07DBFh -ACONST=00h-07DBFh \
  -ASMALLCONST=0600h-06FFhx119,07D00h-07DBFh -AMEDIUMCONST=0600h-07DBFh \
  -ACOMRAM=01h-07Fh -AABS1=00h-05F3h -ABIGRAM=01h-05F3h \
  -ARAM=080h-0FFh,0100h-01FFhx4,0500h-05F3h -ABANK0=080h-0FFh \
  -ABANK1=0100h-01FFh -ABANK2=0200h-02FFh -ABANK3=0300h-03FFh \
  -ABANK4=0400h-04FFh -ABANK5=0500h-05F3h \
  -ASFR=0F80h-0F9Bh,0F9Dh-0FD3h,0FD5h-0FDAh,0FE0h-0FE2h,0FE8h-0FEAh,0FF0h-0FFCh \
  -ABIGSFR=0F80h-0F9Bh,0F9Dh-0FD3h,0FD5h-0FDAh,0FE0h-0FE2h,0FE8h-0FEAh,0FF0h-0FFCh \
  -ACONFIG=0300000h-030000Dh -AIDLOC=0200000h-0200007h \
  -AEEDATA=0F00000h-0F000FFh -peeprom_data=EEDATA \
  -preset_vec=00h,intcode=8h,intcodelo=18h,sivt_lo,sivt_hi=CODE \
  -ppowerup=CODE,init -pramtop=0600h -psmallconst=SMALLCONST \
  -pmediumconst=MEDIUMCONST -pconst=CONST -AFARRAM=00h-00h \
  -prdata=COMRAM,nvrram=COMRAM,nvbit=COMRAM,rbss=COMRAM,rbit=COMRAM \
  -pfarbss=FARRAM,fardata=FARRAM,nvFARRAM=FARRAM \
  -pintsave_regs=BIGRAM,bigbss=BIGRAM,bigdata=BIGRAM -pbss=RAM \
  -pidata=CODE,irdata=CODE,ibigdata=CODE,ifardata=CODE -prparam=COMRAM \
  C:\Users\yeuhw\AppData\Local\Temp\xcAs6r0.\driver_tmp_9.o \
  dist/default/debug\bowling.X.debug.o 

Object code version is 3.11

Machine type is 18F4520



                Name                               Link     Load   Length Selector   Space Scale
C:\Users\yeuhw\AppData\Local\Temp\xcAs6r0.\driver_tmp_9.o
                idloc                            200000   200000        8        0       5
                config                           300000   300000        E        0       4
                init                                 26       26        4        C       0
                reset_vec                             0        0        4        0       0
dist/default/debug\bowling.X.debug.o
                intcodelo                            18       18        E        C       0
                intcode                               8        8        6        4       0
                idloc                            200000   200000        8        0       5
                config                           300000   300000        E        0       4
                temp                                 57       57        1        1       1
                smallconst                          600      600        2      300       0
                text23                              B6A      B6A       16      301       0
                text22                              602      602      10A      301       0
                text21                              930      930       6A      301       0
                text20                              7C8      7C8       BC      301       0
                text19                              70C      70C       BC      301       0
                text18                              9D8      9D8       38      301       0
                text17                              A40      A40       2C      301       0
                text16                              B54      B54       16      301       0
                text15                              AB0      AB0       22      301       0
                text14                              AF0      AF0       1E      301       0
                intcode_body                        884      884       AC      301       0
                text11                              B94      B94       12      301       0
                text10                              A10      A10       30      301       0
                text9                               BA6      BA6        C      301       0
                text8                               BBA      BBA        8      301       0
                text7                               BB2      BB2        8      301       0
                text6                               B80      B80       14      301       0
                text5                               A8E      A8E       22      301       0
                text4                               B0E      B0E       1A      301       0
                text3                               B3E      B3E       16      301       0
                text2                               A6C      A6C       22      301       0
                text1                               AD2      AD2       1E      301       0
                text0                               99A      99A       3E      301       0
                cstackCOMRAM                         2F       2F       28        1       1
                bssCOMRAM                             1        1       2E        1       1
                cinit                               B28      B28       16      301       0

TOTAL           Name                               Link     Load   Length     Space
        CLASS   CODE           
                intcodelo                            18       18        E         0
                intcode                               8        8        6         0
                init                                 26       26        4         0
                reset_vec                             0        0        4         0
                text23                              B6A      B6A       16         0
                text22                              602      602      10A         0
                text21                              930      930       6A         0
                text20                              7C8      7C8       BC         0
                text19                              70C      70C       BC         0
                text18                              9D8      9D8       38         0
                text17                              A40      A40       2C         0
                text16                              B54      B54       16         0
                text15                              AB0      AB0       22         0
                text14                              AF0      AF0       1E         0
                intcode_body                        884      884       AC         0
                text11                              B94      B94       12         0
                text10                              A10      A10       30         0
                text9                               BA6      BA6        C         0
                text8                               BBA      BBA        8         0
                text7                               BB2      BB2        8         0
                text6                               B80      B80       14         0
                text5                               A8E      A8E       22         0
                text4                               B0E      B0E       1A         0
                text3                               B3E      B3E       16         0
                text2                               A6C      A6C       22         0
                text1                               AD2      AD2       1E         0
                text0                               99A      99A       3E         0
                cinit                               B28      B28       16         0

        CLASS   CONST          

        CLASS   SMALLCONST     
                smallconst                          600      600        2         0

        CLASS   MEDIUMCONST    

        CLASS   COMRAM         
                temp                                 57       57        1         1
                cstackCOMRAM                         2F       2F       28         1
                bssCOMRAM                             1        1       2E         1

        CLASS   ABS1           

        CLASS   BIGRAM         

        CLASS   RAM            

        CLASS   BANK0          

        CLASS   BANK1          

        CLASS   BANK2          

        CLASS   BANK3          

        CLASS   BANK4          

        CLASS   BANK5          

        CLASS   SFR            

        CLASS   BIGSFR         

        CLASS   CONFIG         
                config                           300000   300000        E         4

        CLASS   IDLOC          
                idloc                            200000   200000        8         5

        CLASS   EEDATA         

        CLASS   FARRAM         

        CLASS   HEAP           

        CLASS   STACK          



SEGMENTS        Name                           Load    Length   Top    Selector   Space  Class

                reset_vec                      000000  000004  000004         0       0  CODE    
                bssCOMRAM                      000001  000057  000058         1       1  COMRAM  
                intcode                        000008  000006  00000E         4       0  CODE    
                intcodelo                      000018  000012  00002A         C       0  CODE    
                smallconst                     000600  000002  000602       300       0  SMALLCON
                text22                         000602  0005C0  000BC2       301       0  CODE    


UNUSED ADDRESS RANGES

        Name                Unused          Largest block    Delta
        BANK0            000080-0000FF               80
        BANK1            000100-0001FF              100
        BANK2            000200-0002FF              100
        BANK3            000300-0003FF              100
        BANK4            000400-0004FF              100
        BANK5            000500-0005F3               F4
        BIGRAM           000058-0005F3              59C
        BIGSFR           000F80-000F9B               1C
                         000F9D-000FD3               37
                         000FD5-000FDA                6
                         000FE0-000FE2                3
                         000FE8-000FEA                3
                         000FF0-000FFC                D
        CODE             000004-000007                4
                         00000E-000017                A
                         00002A-0005FF              5D6
                         000BC2-007DBF             71FE
        COMRAM           000058-00007F               28
        CONST            000004-000007                4
                         00000E-000017                A
                         00002A-0005FF              5D6
                         000BC2-007DBF             71FE
        EEDATA           F00000-F000FF              100
        MEDIUMCONST      000BC2-007DBF             71FE
        RAM              000080-0005F3              100
        SFR              000F80-000F9B               1C
                         000F9D-000FD3               37
                         000FD5-000FDA                6
                         000FE0-000FE2                3
                         000FE8-000FEA                3
                         000FF0-000FFC                D
        SMALLCONST       000BC2-007DBF              100

                                  Symbol Table

?___aldiv                      cstackCOMRAM 00003B
?___lmul                       cstackCOMRAM 00002F
MyusartRead@ch                 cstackCOMRAM 000053
UART_Write@data                cstackCOMRAM 00002F
_ADCON0bits                    (abs)        000FC2
_ADCON1bits                    (abs)        000FC1
_ADCON2bits                    (abs)        000FC0
_ADC_Initialize                text10       000A10
_ADRESH                        (abs)        000FC4
_ADRESL                        (abs)        000FC3
_ANPinReset                    text3        000B3E
_BAUDCONbits                   (abs)        000FB8
_CCP1CON                       (abs)        000FBD
_CCP1CONbits                   (abs)        000FBD
_CCP1_Initialize               text9        000BA6
_CCP2CON                       (abs)        000FBA
_CCPR1L                        (abs)        000FBE
_CREN                          (abs)        007D5C
_Hi_ISR                        intcode      000008
_INTCONbits                    (abs)        000FF2
_INTERRUPT_Initialize          text8        000BBA
_IPR1bits                      (abs)        000F9F
_IRCF0                         (abs)        007E9C
_IRCF1                         (abs)        007E9D
_IRCF2                         (abs)        007E9E
_LATAbits                      (abs)        000F89
_LATBbits                      (abs)        000F8A
_LEDInit                       text11       000B94
_Lo_ISR                        intcodelo    000018
_MyusartRead                   text19       00070C
_OSCILLATOR_Initialize         text7        000BB2
_PIE1bits                      (abs)        000F9D
_PIR1bits                      (abs)        000F9E
_PR2                           (abs)        000FCB
_RCIF                          (abs)        007CF5
_RCONbits                      (abs)        000FD0
_RCREG                         (abs)        000FAE
_RCSTAbits                     (abs)        000FAB
_SPBRG                         (abs)        000FAF
_SYSTEM_Initialize             text4        000B0E
_T1CONbits                     (abs)        000FCD
_T2CONbits                     (abs)        000FCA
_TMR1H                         (abs)        000FCF
_TMR1L                         (abs)        000FCE
_TMR2_Initialize               text6        000B80
_TRISAbits                     (abs)        000F92
_TRISBbits                     (abs)        000F93
_TRISCbits                     (abs)        000F94
_TXREG                         (abs)        000FAD
_TXSTAbits                     (abs)        000FAC
_UART_Initialize               text5        000A8E
_UART_Write                    text23       000B6A
__HRAM                         (abs)        000000
__H__absolute__                __absolute__ 000000
__Habs1                        abs1         000000
__Hbank0                       bank0        000000
__Hbank1                       bank1        000000
__Hbank2                       bank2        000000
__Hbank3                       bank3        000000
__Hbank4                       bank4        000000
__Hbank5                       bank5        000000
__Hbigbss                      bigbss       000000
__Hbigdata                     bigdata      000000
__Hbigram                      bigram       000000
__Hbigsfr                      bigsfr       000000
__Hbss                         bss          000000
__HbssCOMRAM                   bssCOMRAM    000000
__Hcinit                       cinit        000000
__Hclrtext                     clrtext      000000
__Hcomram                      comram       000000
__Hconfig                      config       30000E
__Hconst                       const        000000
__HcstackCOMRAM                cstackCOMRAM 000000
__Hdata                        data         000000
__Heeprom_data                 eeprom_data  000000
__Hfarbss                      farbss       000000
__Hfardata                     fardata      000000
__Hheap                        heap         000000
__Hibigdata                    ibigdata     000000
__Hidata                       idata        000000
__Hidloc                       idloc        200008
__Hifardata                    ifardata     000000
__Hinit                        init         00002A
__Hintcode                     intcode      00000E
__Hintcode_body                intcode_body 000000
__Hintcodelo                   intcodelo    000026
__Hintentry                    intentry     000000
__Hintret                      intret       000000
__Hintsave_regs                intsave_regs 000000
__Hirdata                      irdata       000000
__Hmediumconst                 mediumconst  000000
__HnvFARRAM                    nvFARRAM     000000
__Hnvbit                       nvbit        000000
__Hnvrram                      nvrram       000000
__Hparam                       rparam       000000
__Hpowerup                     powerup      000000
__Hram                         ram          000000
__Hramtop                      ramtop       000600
__Hrbit                        rbit         000000
__Hrbss                        rbss         000000
__Hrdata                       rdata        000000
__Hreset_vec                   reset_vec    000004
__Hrparam                      rparam       000000
__Hsfr                         sfr          000000
__Hsivt_hi                     sivt_hi      000000
__Hsivt_lo                     sivt_lo      000026
__Hsmallconst                  smallconst   000602
__Hspace_0                     (abs)        000BC2
__Hspace_1                     (abs)        000058
__Hspace_2                     (abs)        000000
__Hspace_4                     (abs)        60000E
__Hstack                       stack        000000
__Hstruct                      struct       000000
__Htemp                        temp         000058
__Htext                        text         000000
__Htext0                       text0        000000
__Htext1                       text1        000000
__Htext10                      text10       000000
__Htext11                      text11       000000
__Htext14                      text14       000000
__Htext15                      text15       000000
__Htext16                      text16       000000
__Htext17                      text17       000000
__Htext18                      text18       000000
__Htext19                      text19       000000
__Htext2                       text2        000000
__Htext20                      text20       000000
__Htext21                      text21       000000
__Htext22                      text22       000000
__Htext23                      text23       000000
__Htext3                       text3        000000
__Htext4                       text4        000000
__Htext5                       text5        000000
__Htext6                       text6        000000
__Htext7                       text7        000000
__Htext8                       text8        000000
__Htext9                       text9        000000
__LRAM                         (abs)        000001
__L__absolute__                __absolute__ 000000
__Labs1                        abs1         000000
__Lbank0                       bank0        000000
__Lbank1                       bank1        000000
__Lbank2                       bank2        000000
__Lbank3                       bank3        000000
__Lbank4                       bank4        000000
__Lbank5                       bank5        000000
__Lbigbss                      bigbss       000000
__Lbigdata                     bigdata      000000
__Lbigram                      bigram       000000
__Lbigsfr                      bigsfr       000000
__Lbss                         bss          000000
__LbssCOMRAM                   bssCOMRAM    000000
__Lcinit                       cinit        000000
__Lclrtext                     clrtext      000000
__Lcomram                      comram       000000
__Lconfig                      config       000000
__Lconst                       const        000000
__LcstackCOMRAM                cstackCOMRAM 000000
__Ldata                        data         000000
__Leeprom_data                 eeprom_data  000000
__Lfarbss                      farbss       000000
__Lfardata                     fardata      000000
__Lheap                        heap         000000
__Libigdata                    ibigdata     000000
__Lidata                       idata        000000
__Lidloc                       idloc        000000
__Lifardata                    ifardata     000000
__Linit                        init         000026
__Lintcode                     intcode      000008
__Lintcode_body                intcode_body 000000
__Lintcodelo                   intcodelo    000018
__Lintentry                    intentry     000000
__Lintret                      intret       000000
__Lintsave_regs                intsave_regs 000000
__Lirdata                      irdata       000000
__Lmediumconst                 mediumconst  000000
__LnvFARRAM                    nvFARRAM     000000
__Lnvbit                       nvbit        000000
__Lnvrram                      nvrram       000000
__Lparam                       rparam       000000
__Lpowerup                     powerup      000000
__Lram                         ram          000000
__Lramtop                      ramtop       000600
__Lrbit                        rbit         000000
__Lrbss                        rbss         000000
__Lrdata                       rdata        000000
__Lreset_vec                   reset_vec    000000
__Lrparam                      rparam       000000
__Lsfr                         sfr          000000
__Lsivt_hi                     sivt_hi      000000
__Lsivt_lo                     sivt_lo      000026
__Lsmallconst                  smallconst   000600
__Lspace_0                     (abs)        000000
__Lspace_1                     (abs)        000000
__Lspace_2                     (abs)        000000
__Lspace_4                     (abs)        000000
__Lstack                       stack        000000
__Lstruct                      struct       000000
__Ltemp                        temp         000057
__Ltext                        text         000000
__Ltext0                       text0        000000
__Ltext1                       text1        000000
__Ltext10                      text10       000000
__Ltext11                      text11       000000
__Ltext14                      text14       000000
__Ltext15                      text15       000000
__Ltext16                      text16       000000
__Ltext17                      text17       000000
__Ltext18                      text18       000000
__Ltext19                      text19       000000
__Ltext2                       text2        000000
__Ltext20                      text20       000000
__Ltext21                      text21       000000
__Ltext22                      text22       000000
__Ltext23                      text23       000000
__Ltext3                       text3        000000
__Ltext4                       text4        000000
__Ltext5                       text5        000000
__Ltext6                       text6        000000
__Ltext7                       text7        000000
__Ltext8                       text8        000000
__Ltext9                       text9        000000
__S0                           (abs)        000BC2
__S1                           (abs)        000058
__S4                           (abs)        000000
__S5                           (abs)        000000
___aldiv                       text22       000602
___aldiv@counter               cstackCOMRAM 000043
___aldiv@dividend              cstackCOMRAM 00003B
___aldiv@divisor               cstackCOMRAM 00003F
___aldiv@quotient              cstackCOMRAM 000045
___aldiv@sign                  cstackCOMRAM 000044
___heap_hi                     (abs)        000000
___heap_lo                     (abs)        000000
___inthi_sp                    stack        000000
___inthi_stack_hi              stack        000000
___inthi_stack_lo              stack        000000
___intlo_sp                    stack        000000
___intlo_stack_hi              stack        000000
___intlo_stack_lo              stack        000000
___lmul                        text21       000930
___lmul@multiplicand           cstackCOMRAM 000033
___lmul@multiplier             cstackCOMRAM 00002F
___lmul@product                cstackCOMRAM 000037
___param_bank                  (abs)        000000
___rparam_used                 (abs)        000001
___sp                          stack        000000
___stack_hi                    stack        000000
___stack_lo                    stack        000000
__accesstop                    (abs)        000080
__activetblptr                 (abs)        000000
__end_of_ADC_Initialize        text10       000A40
__end_of_ANPinReset            text3        000B54
__end_of_CCP1_Initialize       text9        000BB2
__end_of_Hi_ISR                intcode_body 000930
__end_of_INTERRUPT_Initialize  text8        000BC2
__end_of_LEDInit               text11       000BA6
__end_of_Lo_ISR                intcodelo    000026
__end_of_MyusartRead           text19       0007C8
__end_of_OSCILLATOR_Initialize text7        000BBA
__end_of_SYSTEM_Initialize     text4        000B28
__end_of_TMR2_Initialize       text6        000B94
__end_of_UART_Initialize       text5        000AB0
__end_of_UART_Write            text23       000B80
__end_of___aldiv               text22       00070C
__end_of___lmul                text21       00099A
__end_of__initialization       cinit        000B34
__end_of_adc0Init              text2        000A8E
__end_of_adc1Init              text1        000AF0
__end_of_main                  text0        0009D8
__end_of_readX                 text18       000A10
__end_of_readY                 text17       000A6C
__end_of_rotateTo              text20       000884
__end_ofi2_ANPinReset          text16       000B6A
__end_ofi2_adc0Init            text15       000AD2
__end_ofi2_adc1Init            text14       000B0E
__initialization               cinit        000B28
__mediumconst                  smallconst   000600
__pbssCOMRAM                   bssCOMRAM    000001
__pcinit                       cinit        000B28
__pcstackCOMRAM                cstackCOMRAM 00002F
__pintcode                     intcode      000008
__pintcode_body                intcode_body 000884
__pintcodelo                   intcodelo    000018
__psmallconst                  smallconst   000600
__ptext0                       text0        00099A
__ptext1                       text1        000AD2
__ptext10                      text10       000A10
__ptext11                      text11       000B94
__ptext14                      text14       000AF0
__ptext15                      text15       000AB0
__ptext16                      text16       000B54
__ptext17                      text17       000A40
__ptext18                      text18       0009D8
__ptext19                      text19       00070C
__ptext2                       text2        000A6C
__ptext20                      text20       0007C8
__ptext21                      text21       000930
__ptext22                      text22       000602
__ptext23                      text23       000B6A
__ptext3                       text3        000B3E
__ptext4                       text4        000B0E
__ptext5                       text5        000A8E
__ptext6                       text6        000B80
__ptext7                       text7        000BB2
__ptext8                       text8        000BBA
__ptext9                       text9        000BA6
__ramtop                       ramtop       000600
__smallconst                   smallconst   000600
_adc0Init                      text2        000A6C
_adc1Init                      text1        000AD2
_axis                          bssCOMRAM    000019
_lenStr                        bssCOMRAM    000017
_main                          text0        00099A
_mystring                      bssCOMRAM    00001B
_readX                         text18       0009D8
_readY                         text17       000A40
_rotateTo                      text20       0007C8
_str                           bssCOMRAM    000001
_stringReady                   bssCOMRAM    000015
btemp                          temp         000057
end_of_initialization          cinit        000B34
i2_ANPinReset                  text16       000B54
i2_adc0Init                    text15       000AB0
i2_adc1Init                    text14       000AF0
int$flags                      temp         000057
int_func                       intcode_body 000884
intlevel0                      text         000000
intlevel1                      text         000000
intlevel2                      text         000000
intlevel3                      text         000000
isa$std                        (abs)        000001
isa$xinst                      (abs)        000000
readX@adcRead                  cstackCOMRAM 000034
readX@x_high                   cstackCOMRAM 000032
readX@x_low                    cstackCOMRAM 000033
readY@adcRead                  cstackCOMRAM 000034
readY@y_high                   cstackCOMRAM 000032
readY@y_low                    cstackCOMRAM 000033
rotateTo@deg                   cstackCOMRAM 000049
rotateTo@duty_cycle            cstackCOMRAM 000051
rotateTo@pulse_width           cstackCOMRAM 00004D
stackhi                        (abs)        000000
stacklo                        (abs)        000000
start                          init         000026
start_initialization           cinit        000B28
ttemp5                         temp         000058
ttemp6                         temp         00005B
ttemp7                         temp         00005F
wtemp8                         temp         000058


MODULE INFORMATION

Module		Function		Class		Link	Load	Size
setting_hardaware/interrupt_manager.c
		_INTERRUPT_Initialize		CODE           	0BBA	0000	8

setting_hardaware/interrupt_manager.c estimated size: 8

setting_hardaware/uart.c
		_Lo_ISR        		CODE           	0018	0000	14
		_MyusartRead   		CODE           	070C	0000	188
		_rotateTo      		CODE           	07C8	0000	188
		_UART_Initialize		CODE           	0A8E	0000	34
		_UART_Write    		CODE           	0B6A	0000	22

setting_hardaware/uart.c estimated size: 446

setting_hardaware/ccp1.c
		_CCP1_Initialize		CODE           	0BA6	0000	12

setting_hardaware/ccp1.c estimated size: 12

setting_hardaware/adc.c
		_ADC_Initialize		CODE           	0A10	0000	48

setting_hardaware/adc.c estimated size: 48

C:\Program Files\Microchip\xc8\v3.00\pic\sources\c99\common\Umul32.c
		___lmul        		CODE           	0930	0000	106

C:\Program Files\Microchip\xc8\v3.00\pic\sources\c99\common\Umul32.c estimated size: 106

shared
		i2_adc0Init    		CODE           	0AB0	0000	34
		__initialization		CODE           	0B28	0000	12
		i2_adc1Init    		CODE           	0AF0	0000	30
		i2_ANPinReset  		CODE           	0B54	0000	22

shared estimated size: 98

setting_hardaware/setting.c
		_TMR2_Initialize		CODE           	0B80	0000	20
		_OSCILLATOR_Initialize		CODE           	0BB2	0000	8
		_SYSTEM_Initialize		CODE           	0B0E	0000	26

setting_hardaware/setting.c estimated size: 54

main.c
		_adc0Init      		CODE           	0A6C	0000	34
		_main          		CODE           	099A	0000	62
		_adc1Init      		CODE           	0AD2	0000	30
		_readX         		CODE           	09D8	0000	56
		_LEDInit       		CODE           	0B94	0000	18
		_ANPinReset    		CODE           	0B3E	0000	22
		_readY         		CODE           	0A40	0000	44
		_Hi_ISR        		CODE           	0008	0000	178

main.c estimated size: 444

C:\Program Files\Microchip\xc8\v3.00\pic\sources\c99\common\aldiv.c
		___aldiv       		CODE           	0602	0000	266

C:\Program Files\Microchip\xc8\v3.00\pic\sources\c99\common\aldiv.c estimated size: 266

