Microchip MPLAB XC8 Compiler V3.00

Linker command line:

-W-3 \
  --edf=C:\Program Files\Microchip\xc8\v3.00\pic\dat\20241204225717_en.msgs \
  -cn -h+dist/default/debug\tablet.X.debug.sym \
  --cmf=dist/default/debug\tablet.X.debug.cmf -z -Q18F4520 \
  -oC:\Users\yeuhw\AppData\Local\Temp\xcAstr0.\driver_tmp_3.o \
  --defsym=__MPLAB_BUILD=1 --fixupoverflow=error \
  -Mdist/default/debug/tablet.X.debug.map \
  --md=C:\Users\yeuhw\AppData\Local\Temp\xcAstr0.\driver_tmp_0.dat -E1 \
  -ver=XC8 Compiler -ACODE=00h-07DBFh -ACONST=00h-07DBFh \
  -ASMALLCONST=0600h-06FFhx119,07D00h-07DBFh -AMEDIUMCONST=0600h-07DBFh \
  -ACOMRAM=01h-07Fh -AABS1=00h-05F3h -ABIGRAM=01h-05F3h \
  -ARAM=080h-0FFh,0100h-01FFhx4,0500h-05F3h -ABANK0=080h-0FFh \
  -ABANK1=0100h-01FFh -ABANK2=0200h-02FFh -ABANK3=0300h-03FFh \
  -ABANK4=0400h-04FFh -ABANK5=0500h-05F3h \
  -ASFR=0F80h-0F9Bh,0F9Dh-0FD3h,0FD5h-0FDAh,0FE0h-0FE2h,0FE8h-0FEAh,0FF0h-0FFCh \
  -ABIGSFR=0F80h-0F9Bh,0F9Dh-0FD3h,0FD5h-0FDAh,0FE0h-0FE2h,0FE8h-0FEAh,0FF0h-0FFCh \
  -ACONFIG=0300000h-030000Dh -AIDLOC=0200000h-0200007h \
  -AEEDATA=0F00000h-0F000FFh -peeprom_data=EEDATA \
  -preset_vec=00h,intcode=8h,intcodelo=18h,sivt_lo,sivt_hi=CODE \
  -ppowerup=CODE,init -pramtop=0600h -psmallconst=SMALLCONST \
  -pmediumconst=MEDIUMCONST -pconst=CONST -AFARRAM=00h-00h \
  -prdata=COMRAM,nvrram=COMRAM,nvbit=COMRAM,rbss=COMRAM,rbit=COMRAM \
  -pfarbss=FARRAM,fardata=FARRAM,nvFARRAM=FARRAM \
  -pintsave_regs=BIGRAM,bigbss=BIGRAM,bigdata=BIGRAM -pbss=RAM \
  -pidata=CODE,irdata=CODE,ibigdata=CODE,ifardata=CODE -prparam=COMRAM \
  C:\Users\yeuhw\AppData\Local\Temp\xcAstr0.\driver_tmp_9.o \
  dist/default/debug\tablet.X.debug.o 

Object code version is 3.11

Machine type is 18F4520



                Name                               Link     Load   Length Selector   Space Scale
C:\Users\yeuhw\AppData\Local\Temp\xcAstr0.\driver_tmp_9.o
                idloc                            200000   200000        8        0       5
                config                           300000   300000        E        0       4
                init                                 6C       6C        4        C       0
                reset_vec                             0        0        4        0       0
dist/default/debug\tablet.X.debug.o
                intcodelo                            18       18       54        C       0
                intcode                               8        8        6        4       0
                idloc                            200000   200000        8        0       5
                config                           300000   300000        E        0       4
                temp                                 73       73        1        1       1
                smallconst                          600      600        2      300       0
                text20                              908      908       16      301       0
                text19                              762      762       38      301       0
                text18                              7CA      7CA       2C      301       0
                text17                              8F2      8F2       16      301       0
                text16                              83A      83A       22      301       0
                text15                              87A      87A       1E      301       0
                intcode_body                        602      602       78      301       0
                text13                              8DC      8DC       16      301       0
                text12                              67A      67A       68      301       0
                text10                              932      932       12      301       0
                text9                               79A      79A       30      301       0
                text8                               94C      94C        8      301       0
                text7                               944      944        8      301       0
                text6                               91E      91E       14      301       0
                text5                               818      818       22      301       0
                text4                               8C6      8C6       16      301       0
                text3                               8B0      8B0       16      301       0
                text2                               7F6      7F6       22      301       0
                text1                               85C      85C       1E      301       0
                text0                               724      724       3E      301       0
                cstackCOMRAM                         65       65        E        1       1
                bssBANK0                             80       80       14       80       1
                dataCOMRAM                           4D       4D       18        1       1
                bssCOMRAM                             1        1       4C        1       1
                cinit                               6E2      6E2       42      301       0
                idataCOMRAM                         898      898       18      301       0

TOTAL           Name                               Link     Load   Length     Space
        CLASS   CODE           
                intcodelo                            18       18       54         0
                intcode                               8        8        6         0
                init                                 6C       6C        4         0
                reset_vec                             0        0        4         0
                text20                              908      908       16         0
                text19                              762      762       38         0
                text18                              7CA      7CA       2C         0
                text17                              8F2      8F2       16         0
                text16                              83A      83A       22         0
                text15                              87A      87A       1E         0
                intcode_body                        602      602       78         0
                text13                              8DC      8DC       16         0
                text12                              67A      67A       68         0
                text10                              932      932       12         0
                text9                               79A      79A       30         0
                text8                               94C      94C        8         0
                text7                               944      944        8         0
                text6                               91E      91E       14         0
                text5                               818      818       22         0
                text4                               8C6      8C6       16         0
                text3                               8B0      8B0       16         0
                text2                               7F6      7F6       22         0
                text1                               85C      85C       1E         0
                text0                               724      724       3E         0
                cinit                               6E2      6E2       42         0
                idataCOMRAM                         898      898       18         0

        CLASS   CONST          

        CLASS   SMALLCONST     
                smallconst                          600      600        2         0

        CLASS   MEDIUMCONST    

        CLASS   COMRAM         
                temp                                 73       73        1         1
                cstackCOMRAM                         65       65        E         1
                dataCOMRAM                           4D       4D       18         1
                bssCOMRAM                             1        1       4C         1

        CLASS   ABS1           

        CLASS   BIGRAM         

        CLASS   RAM            

        CLASS   BANK0          
                bssBANK0                             80       80       14         1

        CLASS   BANK1          

        CLASS   BANK2          

        CLASS   BANK3          

        CLASS   BANK4          

        CLASS   BANK5          

        CLASS   SFR            

        CLASS   BIGSFR         

        CLASS   CONFIG         
                config                           300000   300000        E         4

        CLASS   IDLOC          
                idloc                            200000   200000        8         5

        CLASS   EEDATA         

        CLASS   FARRAM         

        CLASS   HEAP           

        CLASS   STACK          



SEGMENTS        Name                           Load    Length   Top    Selector   Space  Class

                reset_vec                      000000  000004  000004         0       0  CODE    
                bssCOMRAM                      000001  000073  000074         1       1  COMRAM  
                intcode                        000008  000006  00000E         4       0  CODE    
                intcodelo                      000018  000058  000070         C       0  CODE    
                bssBANK0                       000080  000014  000094        80       1  BANK0   
                smallconst                     000600  000002  000602       300       0  SMALLCON
                intcode_body                   000602  000352  000954       301       0  CODE    


UNUSED ADDRESS RANGES

        Name                Unused          Largest block    Delta
        BANK0            000094-0000FF               6C
        BANK1            000100-0001FF              100
        BANK2            000200-0002FF              100
        BANK3            000300-0003FF              100
        BANK4            000400-0004FF              100
        BANK5            000500-0005F3               F4
        BIGRAM           000074-00007F                C
                         000094-0005F3              560
        BIGSFR           000F80-000F9B               1C
                         000F9D-000FD3               37
                         000FD5-000FDA                6
                         000FE0-000FE2                3
                         000FE8-000FEA                3
                         000FF0-000FFC                D
        CODE             000004-000007                4
                         00000E-000017                A
                         000070-0005FF              590
                         000954-007DBF             746C
        COMRAM           000074-00007F                C
        CONST            000004-000007                4
                         00000E-000017                A
                         000070-0005FF              590
                         000954-007DBF             746C
        EEDATA           F00000-F000FF              100
        MEDIUMCONST      000954-007DBF             746C
        RAM              000094-0005F3              100
        SFR              000F80-000F9B               1C
                         000F9D-000FD3               37
                         000FD5-000FDA                6
                         000FE0-000FE2                3
                         000FE8-000FEA                3
                         000FF0-000FFC                D
        SMALLCONST       000954-007DBF              100

                                  Symbol Table

MyusartRead@ch                 cstackCOMRAM 00006D
UART_Write@data                cstackCOMRAM 00006C
_ADCON0bits                    (abs)        000FC2
_ADCON1bits                    (abs)        000FC1
_ADCON2bits                    (abs)        000FC0
_ADC_Initialize                text9        00079A
_ADRESH                        (abs)        000FC4
_ADRESL                        (abs)        000FC3
_ANPinReset                    text3        0008B0
_BAUDCONbits                   (abs)        000FB8
_CCP1CON                       (abs)        000FBD
_CCP1CONbits                   (abs)        000FBD
_CCP2CON                       (abs)        000FBA
_CCP2CONbits                   (abs)        000FBA
_CCPR1L                        (abs)        000FBE
_CCPR2L                        (abs)        000FBB
_CREN                          (abs)        007D5C
_Hi_ISR                        intcode      000008
_INTCONbits                    (abs)        000FF2
_INTERRUPT_Initialize          text8        00094C
_IPR1bits                      (abs)        000F9F
_IRCF0                         (abs)        007E9C
_IRCF1                         (abs)        007E9D
_IRCF2                         (abs)        007E9E
_Kdx                           dataCOMRAM   000059
_Kdy                           dataCOMRAM   00004D
_Kix                           dataCOMRAM   00005D
_Kiy                           dataCOMRAM   000051
_Kpx                           dataCOMRAM   000061
_Kpy                           dataCOMRAM   000055
_LATAbits                      (abs)        000F89
_LATBbits                      (abs)        000F8A
_LEDInit                       text10       000932
_Lo_ISR                        intcodelo    000018
_MyusartRead                   text12       00067A
_OSCILLATOR_Initialize         text7        000944
_PIE1bits                      (abs)        000F9D
_PIR1bits                      (abs)        000F9E
_PR2                           (abs)        000FCB
_RCIF                          (abs)        007CF5
_RCONbits                      (abs)        000FD0
_RCREG                         (abs)        000FAE
_RCSTAbits                     (abs)        000FAB
_SPBRG                         (abs)        000FAF
_SYSTEM_Initialize             text4        0008C6
_T1CONbits                     (abs)        000FCD
_T2CONbits                     (abs)        000FCA
_TMR1H                         (abs)        000FCF
_TMR1L                         (abs)        000FCE
_TMR2_Initialize               text6        00091E
_TRISAbits                     (abs)        000F92
_TRISBbits                     (abs)        000F93
_TRISCbits                     (abs)        000F94
_TXREG                         (abs)        000FAD
_TXSTAbits                     (abs)        000FAC
_UART_Initialize               text5        000818
_UART_Write                    text13       0008DC
__HRAM                         (abs)        000000
__H__absolute__                __absolute__ 000000
__Habs1                        abs1         000000
__Hbank0                       bank0        000000
__Hbank1                       bank1        000000
__Hbank2                       bank2        000000
__Hbank3                       bank3        000000
__Hbank4                       bank4        000000
__Hbank5                       bank5        000000
__Hbigbss                      bigbss       000000
__Hbigdata                     bigdata      000000
__Hbigram                      bigram       000000
__Hbigsfr                      bigsfr       000000
__Hbss                         bss          000000
__HbssBANK0                    bssBANK0     000000
__HbssCOMRAM                   bssCOMRAM    000000
__Hcinit                       cinit        000000
__Hclrtext                     clrtext      000000
__Hcomram                      comram       000000
__Hconfig                      config       30000E
__Hconst                       const        000000
__HcstackBANK0                 cstackBANK0  000000
__HcstackCOMRAM                cstackCOMRAM 000000
__Hdata                        data         000000
__HdataCOMRAM                  dataCOMRAM   000000
__Heeprom_data                 eeprom_data  000000
__Hfarbss                      farbss       000000
__Hfardata                     fardata      000000
__Hheap                        heap         000000
__Hibigdata                    ibigdata     000000
__Hidata                       idata        000000
__HidataCOMRAM                 idataCOMRAM  000000
__Hidloc                       idloc        200008
__Hifardata                    ifardata     000000
__Hinit                        init         000070
__Hintcode                     intcode      00000E
__Hintcode_body                intcode_body 000000
__Hintcodelo                   intcodelo    00006C
__Hintentry                    intentry     000000
__Hintret                      intret       000000
__Hintsave_regs                intsave_regs 000000
__Hirdata                      irdata       000000
__Hmediumconst                 mediumconst  000000
__HnvFARRAM                    nvFARRAM     000000
__Hnvbit                       nvbit        000000
__Hnvrram                      nvrram       000000
__Hparam                       rparam       000000
__Hpowerup                     powerup      000000
__Hram                         ram          000000
__Hramtop                      ramtop       000600
__Hrbit                        rbit         000000
__Hrbss                        rbss         000000
__Hrdata                       rdata        000000
__Hreset_vec                   reset_vec    000004
__Hrparam                      rparam       000000
__Hsfr                         sfr          000000
__Hsivt_hi                     sivt_hi      000000
__Hsivt_lo                     sivt_lo      00006C
__Hsmallconst                  smallconst   000602
__Hspace_0                     (abs)        000954
__Hspace_1                     (abs)        000094
__Hspace_2                     (abs)        000000
__Hspace_4                     (abs)        60000E
__Hstack                       stack        000000
__Hstruct                      struct       000000
__Htemp                        temp         000074
__Htext                        text         000000
__Htext0                       text0        000000
__Htext1                       text1        000000
__Htext10                      text10       000000
__Htext12                      text12       000000
__Htext13                      text13       000000
__Htext15                      text15       000000
__Htext16                      text16       000000
__Htext17                      text17       000000
__Htext18                      text18       000000
__Htext19                      text19       000000
__Htext2                       text2        000000
__Htext20                      text20       000000
__Htext3                       text3        000000
__Htext4                       text4        000000
__Htext5                       text5        000000
__Htext6                       text6        000000
__Htext7                       text7        000000
__Htext8                       text8        000000
__Htext9                       text9        000000
__LRAM                         (abs)        000001
__L__absolute__                __absolute__ 000000
__Labs1                        abs1         000000
__Lbank0                       bank0        000000
__Lbank1                       bank1        000000
__Lbank2                       bank2        000000
__Lbank3                       bank3        000000
__Lbank4                       bank4        000000
__Lbank5                       bank5        000000
__Lbigbss                      bigbss       000000
__Lbigdata                     bigdata      000000
__Lbigram                      bigram       000000
__Lbigsfr                      bigsfr       000000
__Lbss                         bss          000000
__LbssBANK0                    bssBANK0     000000
__LbssCOMRAM                   bssCOMRAM    000000
__Lcinit                       cinit        000000
__Lclrtext                     clrtext      000000
__Lcomram                      comram       000000
__Lconfig                      config       000000
__Lconst                       const        000000
__LcstackBANK0                 cstackBANK0  000000
__LcstackCOMRAM                cstackCOMRAM 000000
__Ldata                        data         000000
__LdataCOMRAM                  dataCOMRAM   000000
__Leeprom_data                 eeprom_data  000000
__Lfarbss                      farbss       000000
__Lfardata                     fardata      000000
__Lheap                        heap         000000
__Libigdata                    ibigdata     000000
__Lidata                       idata        000000
__LidataCOMRAM                 idataCOMRAM  000000
__Lidloc                       idloc        000000
__Lifardata                    ifardata     000000
__Linit                        init         00006C
__Lintcode                     intcode      000008
__Lintcode_body                intcode_body 000000
__Lintcodelo                   intcodelo    000018
__Lintentry                    intentry     000000
__Lintret                      intret       000000
__Lintsave_regs                intsave_regs 000000
__Lirdata                      irdata       000000
__Lmediumconst                 mediumconst  000000
__LnvFARRAM                    nvFARRAM     000000
__Lnvbit                       nvbit        000000
__Lnvrram                      nvrram       000000
__Lparam                       rparam       000000
__Lpowerup                     powerup      000000
__Lram                         ram          000000
__Lramtop                      ramtop       000600
__Lrbit                        rbit         000000
__Lrbss                        rbss         000000
__Lrdata                       rdata        000000
__Lreset_vec                   reset_vec    000000
__Lrparam                      rparam       000000
__Lsfr                         sfr          000000
__Lsivt_hi                     sivt_hi      000000
__Lsivt_lo                     sivt_lo      00006C
__Lsmallconst                  smallconst   000600
__Lspace_0                     (abs)        000000
__Lspace_1                     (abs)        000000
__Lspace_2                     (abs)        000000
__Lspace_4                     (abs)        000000
__Lstack                       stack        000000
__Lstruct                      struct       000000
__Ltemp                        temp         000073
__Ltext                        text         000000
__Ltext0                       text0        000000
__Ltext1                       text1        000000
__Ltext10                      text10       000000
__Ltext12                      text12       000000
__Ltext13                      text13       000000
__Ltext15                      text15       000000
__Ltext16                      text16       000000
__Ltext17                      text17       000000
__Ltext18                      text18       000000
__Ltext19                      text19       000000
__Ltext2                       text2        000000
__Ltext20                      text20       000000
__Ltext3                       text3        000000
__Ltext4                       text4        000000
__Ltext5                       text5        000000
__Ltext6                       text6        000000
__Ltext7                       text7        000000
__Ltext8                       text8        000000
__Ltext9                       text9        000000
__S0                           (abs)        000954
__S1                           (abs)        000094
__S4                           (abs)        000000
__S5                           (abs)        000000
___heap_hi                     (abs)        000000
___heap_lo                     (abs)        000000
___inthi_sp                    stack        000000
___inthi_stack_hi              stack        000000
___inthi_stack_lo              stack        000000
___intlo_sp                    stack        000000
___intlo_stack_hi              stack        000000
___intlo_stack_lo              stack        000000
___param_bank                  (abs)        000000
___rparam_used                 (abs)        000001
___sp                          stack        000000
___stack_hi                    stack        000000
___stack_lo                    stack        000000
__accesstop                    (abs)        000080
__activetblptr                 (abs)        000000
__end_of_ADC_Initialize        text9        0007CA
__end_of_ANPinReset            text3        0008C6
__end_of_Hi_ISR                intcode_body 00067A
__end_of_INTERRUPT_Initialize  text8        000954
__end_of_LEDInit               text10       000944
__end_of_Lo_ISR                intcodelo    00006C
__end_of_MyusartRead           text12       0006E2
__end_of_OSCILLATOR_Initialize text7        00094C
__end_of_SYSTEM_Initialize     text4        0008DC
__end_of_TMR2_Initialize       text6        000932
__end_of_UART_Initialize       text5        00083A
__end_of_UART_Write            text13       0008F2
__end_of__initialization       cinit        00071A
__end_of_adc0Init              text2        000818
__end_of_adc1Init              text1        00087A
__end_of_main                  text0        000762
__end_of_readX                 text19       00079A
__end_of_readY                 text18       0007F6
__end_ofi2_ANPinReset          text17       000908
__end_ofi2_UART_Write          text20       00091E
__end_ofi2_adc0Init            text16       00085C
__end_ofi2_adc1Init            text15       000898
__initialization               cinit        0006E2
__mediumconst                  smallconst   000600
__pbssBANK0                    bssBANK0     000080
__pbssCOMRAM                   bssCOMRAM    000001
__pcinit                       cinit        0006E2
__pcstackBANK0                 cstackBANK0  000000
__pcstackCOMRAM                cstackCOMRAM 000065
__pdataCOMRAM                  dataCOMRAM   00004D
__pidataCOMRAM                 idataCOMRAM  000898
__pintcode                     intcode      000008
__pintcode_body                intcode_body 000602
__pintcodelo                   intcodelo    000018
__psmallconst                  smallconst   000600
__ptext0                       text0        000724
__ptext1                       text1        00085C
__ptext10                      text10       000932
__ptext12                      text12       00067A
__ptext13                      text13       0008DC
__ptext15                      text15       00087A
__ptext16                      text16       00083A
__ptext17                      text17       0008F2
__ptext18                      text18       0007CA
__ptext19                      text19       000762
__ptext2                       text2        0007F6
__ptext20                      text20       000908
__ptext3                       text3        0008B0
__ptext4                       text4        0008C6
__ptext5                       text5        000818
__ptext6                       text6        00091E
__ptext7                       text7        000944
__ptext8                       text8        00094C
__ptext9                       text9        00079A
__ramtop                       ramtop       000600
__smallconst                   smallconst   000600
_adc0Init                      text2        0007F6
_adc1Init                      text1        00085C
_axis                          bssCOMRAM    000035
_errorx                        bssCOMRAM    000009
_errory                        bssCOMRAM    000001
_integralx                     bssCOMRAM    00002D
_integraly                     bssCOMRAM    000029
_lastErrorx                    bssCOMRAM    000025
_lastErrory                    bssCOMRAM    000021
_lastRead                      bssCOMRAM    000037
_lenStr                        bssCOMRAM    000033
_main                          text0        000724
_mystring                      bssCOMRAM    000039
_readX                         text19       000762
_readY                         text18       0007CA
_str                           bssBANK0     000080
_stringReady                   bssCOMRAM    000031
_xFiltered                     bssCOMRAM    000019
_yFiltered                     bssCOMRAM    000011
btemp                          temp         000073
end_of_initialization          cinit        00071A
i2UART_Write@data              cstackCOMRAM 000065
i2_ANPinReset                  text17       0008F2
i2_UART_Write                  text20       000908
i2_adc0Init                    text16       00083A
i2_adc1Init                    text15       00087A
int$flags                      temp         000073
int_func                       intcode_body 000602
intlevel0                      text         000000
intlevel1                      text         000000
intlevel2                      text         000000
intlevel3                      text         000000
isa$std                        (abs)        000001
isa$xinst                      (abs)        000000
readX@adcRead                  cstackCOMRAM 00006A
readX@x_high                   cstackCOMRAM 000068
readX@x_low                    cstackCOMRAM 000069
readY@adcRead                  cstackCOMRAM 00006A
readY@y_high                   cstackCOMRAM 000068
readY@y_low                    cstackCOMRAM 000069
stackhi                        (abs)        000000
stacklo                        (abs)        000000
start                          init         00006C
start_initialization           cinit        0006E2
ttemp5                         temp         000074
ttemp6                         temp         000077
ttemp7                         temp         00007B
wtemp8                         temp         000074


MODULE INFORMATION

Module		Function		Class		Link	Load	Size
setting_hardaware/interrupt_manager.c
		_INTERRUPT_Initialize		CODE           	094C	0000	8

setting_hardaware/interrupt_manager.c estimated size: 8

setting_hardaware/uart.c
		_Lo_ISR        		CODE           	0018	0000	84
		_MyusartRead   		CODE           	067A	0000	104
		_UART_Initialize		CODE           	0818	0000	34
		_UART_Write    		CODE           	08DC	0000	22

setting_hardaware/uart.c estimated size: 244

setting_hardaware/adc.c
		_ADC_Initialize		CODE           	079A	0000	48

setting_hardaware/adc.c estimated size: 48

shared
		i2_adc0Init    		CODE           	083A	0000	34
		i2_UART_Write  		CODE           	0908	0000	22
		__initialization		CODE           	06E2	0000	56
		i2_adc1Init    		CODE           	087A	0000	30
		i2_ANPinReset  		CODE           	08F2	0000	22

shared estimated size: 164

setting_hardaware/setting.c
		_TMR2_Initialize		CODE           	091E	0000	20
		_OSCILLATOR_Initialize		CODE           	0944	0000	8
		_SYSTEM_Initialize		CODE           	08C6	0000	22

setting_hardaware/setting.c estimated size: 50

main.c
		_adc0Init      		CODE           	07F6	0000	34
		_main          		CODE           	0724	0000	62
		_adc1Init      		CODE           	085C	0000	30
		_readX         		CODE           	0762	0000	56
		_LEDInit       		CODE           	0932	0000	18
		_ANPinReset    		CODE           	08B0	0000	22
		_readY         		CODE           	07CA	0000	44
		_Hi_ISR        		CODE           	0008	0000	126

main.c estimated size: 392

