Microchip MPLAB XC8 Compiler V3.00

Linker command line:

-W-3 \
  --edf=C:\Program Files\Microchip\xc8\v3.00\pic\dat\20241204225717_en.msgs \
  -cn -h+dist/default/debug\tablet.X.debug.sym \
  --cmf=dist/default/debug\tablet.X.debug.cmf -z -Q18F4520 \
  -oC:\Users\yeuhw\AppData\Local\Temp\xcAs1ng.\driver_tmp_3.o \
  --defsym=__MPLAB_BUILD=1 --fixupoverflow=error \
  -Mdist/default/debug/tablet.X.debug.map \
  --md=C:\Users\yeuhw\AppData\Local\Temp\xcAs1ng.\driver_tmp_0.dat -E1 \
  -ver=XC8 Compiler -ACODE=00h-07DBFh -ACONST=00h-07DBFh \
  -ASMALLCONST=0600h-06FFhx119,07D00h-07DBFh -AMEDIUMCONST=0600h-07DBFh \
  -ACOMRAM=01h-07Fh -AABS1=00h-05F3h -ABIGRAM=01h-05F3h \
  -ARAM=080h-0FFh,0100h-01FFhx4,0500h-05F3h -ABANK0=080h-0FFh \
  -ABANK1=0100h-01FFh -ABANK2=0200h-02FFh -ABANK3=0300h-03FFh \
  -ABANK4=0400h-04FFh -ABANK5=0500h-05F3h \
  -ASFR=0F80h-0F9Bh,0F9Dh-0FD3h,0FD5h-0FDAh,0FE0h-0FE2h,0FE8h-0FEAh,0FF0h-0FFCh \
  -ABIGSFR=0F80h-0F9Bh,0F9Dh-0FD3h,0FD5h-0FDAh,0FE0h-0FE2h,0FE8h-0FEAh,0FF0h-0FFCh \
  -ACONFIG=0300000h-030000Dh -AIDLOC=0200000h-0200007h \
  -AEEDATA=0F00000h-0F000FFh -peeprom_data=EEDATA \
  -preset_vec=00h,intcode=8h,intcodelo=18h,sivt_lo,sivt_hi=CODE \
  -ppowerup=CODE,init -pramtop=0600h -psmallconst=SMALLCONST \
  -pmediumconst=MEDIUMCONST -pconst=CONST -AFARRAM=00h-00h \
  -prdata=COMRAM,nvrram=COMRAM,nvbit=COMRAM,rbss=COMRAM,rbit=COMRAM \
  -pfarbss=FARRAM,fardata=FARRAM,nvFARRAM=FARRAM \
  -pintsave_regs=BIGRAM,bigbss=BIGRAM,bigdata=BIGRAM -pbss=RAM \
  -pidata=CODE,irdata=CODE,ibigdata=CODE,ifardata=CODE -prparam=COMRAM \
  C:\Users\yeuhw\AppData\Local\Temp\xcAs1ng.\driver_tmp_9.o \
  dist/default/debug\tablet.X.debug.o 

Object code version is 3.11

Machine type is 18F4520



                Name                               Link     Load   Length Selector   Space Scale
C:\Users\yeuhw\AppData\Local\Temp\xcAs1ng.\driver_tmp_9.o
                idloc                            200000   200000        8        0       5
                config                           300000   300000        E        0       4
                init                                 6C       6C        4        C       0
                reset_vec                             0        0        4        0       0
dist/default/debug\tablet.X.debug.o
                intcodelo                            18       18       54        C       0
                intcode                               8        8        6        4       0
                idloc                            200000   200000        8        0       5
                config                           300000   300000        E        0       4
                temp                                 15       15        1        1       1
                smallconst                          600      600        2      300       0
                text20                              8F4      8F4       16      301       0
                text19                              72C      72C       38      301       0
                text18                              794      794       2C      301       0
                text17                              8DE      8DE       16      301       0
                text16                              7E8      7E8       28      301       0
                text15                              834      834       24      301       0
                intcode_body                        602      602       7C      301       0
                text13                              8C8      8C8       16      301       0
                text12                              67E      67E       70      301       0
                text10                              91E      91E       12      301       0
                text9                               764      764       30      301       0
                text8                               938      938        8      301       0
                text7                               930      930        8      301       0
                text6                               90A      90A       14      301       0
                text5                               87A      87A       22      301       0
                text4                               8B2      8B2       16      301       0
                text3                               89C      89C       16      301       0
                text2                               7C0      7C0       28      301       0
                text1                               810      810       24      301       0
                text0                               6EE      6EE       3E      301       0
                cstackCOMRAM                          1        1        E        1       1
                bssBANK1                            100      100       C8      100       1
                bssCOMRAM                             F        F        6        1       1
                cinit                               858      858       22      301       0

TOTAL           Name                               Link     Load   Length     Space
        CLASS   CODE           
                intcodelo                            18       18       54         0
                intcode                               8        8        6         0
                init                                 6C       6C        4         0
                reset_vec                             0        0        4         0
                text20                              8F4      8F4       16         0
                text19                              72C      72C       38         0
                text18                              794      794       2C         0
                text17                              8DE      8DE       16         0
                text16                              7E8      7E8       28         0
                text15                              834      834       24         0
                intcode_body                        602      602       7C         0
                text13                              8C8      8C8       16         0
                text12                              67E      67E       70         0
                text10                              91E      91E       12         0
                text9                               764      764       30         0
                text8                               938      938        8         0
                text7                               930      930        8         0
                text6                               90A      90A       14         0
                text5                               87A      87A       22         0
                text4                               8B2      8B2       16         0
                text3                               89C      89C       16         0
                text2                               7C0      7C0       28         0
                text1                               810      810       24         0
                text0                               6EE      6EE       3E         0
                cinit                               858      858       22         0

        CLASS   CONST          

        CLASS   SMALLCONST     
                smallconst                          600      600        2         0

        CLASS   MEDIUMCONST    

        CLASS   COMRAM         
                temp                                 15       15        1         1
                cstackCOMRAM                          1        1        E         1
                bssCOMRAM                             F        F        6         1

        CLASS   ABS1           

        CLASS   BIGRAM         

        CLASS   RAM            

        CLASS   BANK0          

        CLASS   BANK1          
                bssBANK1                            100      100       C8         1

        CLASS   BANK2          

        CLASS   BANK3          

        CLASS   BANK4          

        CLASS   BANK5          

        CLASS   SFR            

        CLASS   BIGSFR         

        CLASS   CONFIG         
                config                           300000   300000        E         4

        CLASS   IDLOC          
                idloc                            200000   200000        8         5

        CLASS   EEDATA         

        CLASS   FARRAM         

        CLASS   HEAP           

        CLASS   STACK          



SEGMENTS        Name                           Load    Length   Top    Selector   Space  Class

                reset_vec                      000000  000004  000004         0       0  CODE    
                cstackCOMRAM                   000001  000015  000016         1       1  COMRAM  
                intcode                        000008  000006  00000E         4       0  CODE    
                intcodelo                      000018  000058  000070         C       0  CODE    
                bssBANK1                       000100  0000C8  0001C8       100       1  BANK1   
                smallconst                     000600  000002  000602       300       0  SMALLCON
                intcode_body                   000602  00033E  000940       301       0  CODE    


UNUSED ADDRESS RANGES

        Name                Unused          Largest block    Delta
        BANK0            000080-0000FF               80
        BANK1            0001C8-0001FF               38
        BANK2            000200-0002FF              100
        BANK3            000300-0003FF              100
        BANK4            000400-0004FF              100
        BANK5            000500-0005F3               F4
        BIGRAM           000016-0000FF               EA
                         0001C8-0005F3              42C
        BIGSFR           000F80-000F9B               1C
                         000F9D-000FD3               37
                         000FD5-000FDA                6
                         000FE0-000FE2                3
                         000FE8-000FEA                3
                         000FF0-000FFC                D
        CODE             000004-000007                4
                         00000E-000017                A
                         000070-0005FF              590
                         000940-007DBF             7480
        COMRAM           000016-00007F               6A
        CONST            000004-000007                4
                         00000E-000017                A
                         000070-0005FF              590
                         000940-007DBF             7480
        EEDATA           F00000-F000FF              100
        MEDIUMCONST      000940-007DBF             7480
        RAM              000080-0000FF               80
                         0001C8-0005F3              100
        SFR              000F80-000F9B               1C
                         000F9D-000FD3               37
                         000FD5-000FDA                6
                         000FE0-000FE2                3
                         000FE8-000FEA                3
                         000FF0-000FFC                D
        SMALLCONST       000940-007DBF              100

                                  Symbol Table

MyusartRead@ch                 cstackCOMRAM 000009
UART_Write@data                cstackCOMRAM 000008
_ADCON0bits                    (abs)        000FC2
_ADCON1bits                    (abs)        000FC1
_ADCON2bits                    (abs)        000FC0
_ADC_Initialize                text9        000764
_ADRESH                        (abs)        000FC4
_ADRESL                        (abs)        000FC3
_ANPinReset                    text3        00089C
_BAUDCONbits                   (abs)        000FB8
_CCP1CON                       (abs)        000FBD
_CCP2CON                       (abs)        000FBA
_CREN                          (abs)        007D5C
_Hi_ISR                        intcode      000008
_INTCONbits                    (abs)        000FF2
_INTERRUPT_Initialize          text8        000938
_IPR1bits                      (abs)        000F9F
_IRCF0                         (abs)        007E9C
_IRCF1                         (abs)        007E9D
_IRCF2                         (abs)        007E9E
_LATAbits                      (abs)        000F89
_LATBbits                      (abs)        000F8A
_LEDInit                       text10       00091E
_Lo_ISR                        intcodelo    000018
_MyusartRead                   text12       00067E
_OSCILLATOR_Initialize         text7        000930
_PIE1bits                      (abs)        000F9D
_PIR1bits                      (abs)        000F9E
_PR2                           (abs)        000FCB
_RCIF                          (abs)        007CF5
_RCONbits                      (abs)        000FD0
_RCREG                         (abs)        000FAE
_RCSTAbits                     (abs)        000FAB
_SPBRG                         (abs)        000FAF
_SYSTEM_Initialize             text4        0008B2
_T1CONbits                     (abs)        000FCD
_T2CONbits                     (abs)        000FCA
_TMR1H                         (abs)        000FCF
_TMR1L                         (abs)        000FCE
_TMR2_Initialize               text6        00090A
_TRISAbits                     (abs)        000F92
_TRISBbits                     (abs)        000F93
_TRISCbits                     (abs)        000F94
_TXREG                         (abs)        000FAD
_TXSTAbits                     (abs)        000FAC
_UART_Initialize               text5        00087A
_UART_Write                    text13       0008C8
__HRAM                         (abs)        000000
__H__absolute__                __absolute__ 000000
__Habs1                        abs1         000000
__Hbank0                       bank0        000000
__Hbank1                       bank1        000000
__Hbank2                       bank2        000000
__Hbank3                       bank3        000000
__Hbank4                       bank4        000000
__Hbank5                       bank5        000000
__Hbigbss                      bigbss       000000
__Hbigdata                     bigdata      000000
__Hbigram                      bigram       000000
__Hbigsfr                      bigsfr       000000
__Hbss                         bss          000000
__HbssBANK1                    bssBANK1     000000
__HbssCOMRAM                   bssCOMRAM    000000
__Hcinit                       cinit        000000
__Hclrtext                     clrtext      000000
__Hcomram                      comram       000000
__Hconfig                      config       30000E
__Hconst                       const        000000
__HcstackCOMRAM                cstackCOMRAM 000000
__Hdata                        data         000000
__Heeprom_data                 eeprom_data  000000
__Hfarbss                      farbss       000000
__Hfardata                     fardata      000000
__Hheap                        heap         000000
__Hibigdata                    ibigdata     000000
__Hidata                       idata        000000
__Hidloc                       idloc        200008
__Hifardata                    ifardata     000000
__Hinit                        init         000070
__Hintcode                     intcode      00000E
__Hintcode_body                intcode_body 000000
__Hintcodelo                   intcodelo    00006C
__Hintentry                    intentry     000000
__Hintret                      intret       000000
__Hintsave_regs                intsave_regs 000000
__Hirdata                      irdata       000000
__Hmediumconst                 mediumconst  000000
__HnvFARRAM                    nvFARRAM     000000
__Hnvbit                       nvbit        000000
__Hnvrram                      nvrram       000000
__Hparam                       rparam       000000
__Hpowerup                     powerup      000000
__Hram                         ram          000000
__Hramtop                      ramtop       000600
__Hrbit                        rbit         000000
__Hrbss                        rbss         000000
__Hrdata                       rdata        000000
__Hreset_vec                   reset_vec    000004
__Hrparam                      rparam       000000
__Hsfr                         sfr          000000
__Hsivt_hi                     sivt_hi      000000
__Hsivt_lo                     sivt_lo      00006C
__Hsmallconst                  smallconst   000602
__Hspace_0                     (abs)        000940
__Hspace_1                     (abs)        0001C8
__Hspace_2                     (abs)        000000
__Hspace_4                     (abs)        60000E
__Hstack                       stack        000000
__Hstruct                      struct       000000
__Htemp                        temp         000016
__Htext                        text         000000
__Htext0                       text0        000000
__Htext1                       text1        000000
__Htext10                      text10       000000
__Htext12                      text12       000000
__Htext13                      text13       000000
__Htext15                      text15       000000
__Htext16                      text16       000000
__Htext17                      text17       000000
__Htext18                      text18       000000
__Htext19                      text19       000000
__Htext2                       text2        000000
__Htext20                      text20       000000
__Htext3                       text3        000000
__Htext4                       text4        000000
__Htext5                       text5        000000
__Htext6                       text6        000000
__Htext7                       text7        000000
__Htext8                       text8        000000
__Htext9                       text9        000000
__LRAM                         (abs)        000001
__L__absolute__                __absolute__ 000000
__Labs1                        abs1         000000
__Lbank0                       bank0        000000
__Lbank1                       bank1        000000
__Lbank2                       bank2        000000
__Lbank3                       bank3        000000
__Lbank4                       bank4        000000
__Lbank5                       bank5        000000
__Lbigbss                      bigbss       000000
__Lbigdata                     bigdata      000000
__Lbigram                      bigram       000000
__Lbigsfr                      bigsfr       000000
__Lbss                         bss          000000
__LbssBANK1                    bssBANK1     000000
__LbssCOMRAM                   bssCOMRAM    000000
__Lcinit                       cinit        000000
__Lclrtext                     clrtext      000000
__Lcomram                      comram       000000
__Lconfig                      config       000000
__Lconst                       const        000000
__LcstackCOMRAM                cstackCOMRAM 000000
__Ldata                        data         000000
__Leeprom_data                 eeprom_data  000000
__Lfarbss                      farbss       000000
__Lfardata                     fardata      000000
__Lheap                        heap         000000
__Libigdata                    ibigdata     000000
__Lidata                       idata        000000
__Lidloc                       idloc        000000
__Lifardata                    ifardata     000000
__Linit                        init         00006C
__Lintcode                     intcode      000008
__Lintcode_body                intcode_body 000000
__Lintcodelo                   intcodelo    000018
__Lintentry                    intentry     000000
__Lintret                      intret       000000
__Lintsave_regs                intsave_regs 000000
__Lirdata                      irdata       000000
__Lmediumconst                 mediumconst  000000
__LnvFARRAM                    nvFARRAM     000000
__Lnvbit                       nvbit        000000
__Lnvrram                      nvrram       000000
__Lparam                       rparam       000000
__Lpowerup                     powerup      000000
__Lram                         ram          000000
__Lramtop                      ramtop       000600
__Lrbit                        rbit         000000
__Lrbss                        rbss         000000
__Lrdata                       rdata        000000
__Lreset_vec                   reset_vec    000000
__Lrparam                      rparam       000000
__Lsfr                         sfr          000000
__Lsivt_hi                     sivt_hi      000000
__Lsivt_lo                     sivt_lo      00006C
__Lsmallconst                  smallconst   000600
__Lspace_0                     (abs)        000000
__Lspace_1                     (abs)        000000
__Lspace_2                     (abs)        000000
__Lspace_4                     (abs)        000000
__Lstack                       stack        000000
__Lstruct                      struct       000000
__Ltemp                        temp         000015
__Ltext                        text         000000
__Ltext0                       text0        000000
__Ltext1                       text1        000000
__Ltext10                      text10       000000
__Ltext12                      text12       000000
__Ltext13                      text13       000000
__Ltext15                      text15       000000
__Ltext16                      text16       000000
__Ltext17                      text17       000000
__Ltext18                      text18       000000
__Ltext19                      text19       000000
__Ltext2                       text2        000000
__Ltext20                      text20       000000
__Ltext3                       text3        000000
__Ltext4                       text4        000000
__Ltext5                       text5        000000
__Ltext6                       text6        000000
__Ltext7                       text7        000000
__Ltext8                       text8        000000
__Ltext9                       text9        000000
__S0                           (abs)        000940
__S1                           (abs)        0001C8
__S4                           (abs)        000000
__S5                           (abs)        000000
___heap_hi                     (abs)        000000
___heap_lo                     (abs)        000000
___inthi_sp                    stack        000000
___inthi_stack_hi              stack        000000
___inthi_stack_lo              stack        000000
___intlo_sp                    stack        000000
___intlo_stack_hi              stack        000000
___intlo_stack_lo              stack        000000
___param_bank                  (abs)        000000
___rparam_used                 (abs)        000001
___sp                          stack        000000
___stack_hi                    stack        000000
___stack_lo                    stack        000000
__accesstop                    (abs)        000080
__activetblptr                 (abs)        000000
__end_of_ADC_Initialize        text9        000794
__end_of_ANPinReset            text3        0008B2
__end_of_Hi_ISR                intcode_body 00067E
__end_of_INTERRUPT_Initialize  text8        000940
__end_of_LEDInit               text10       000930
__end_of_Lo_ISR                intcodelo    00006C
__end_of_MyusartRead           text12       0006EE
__end_of_OSCILLATOR_Initialize text7        000938
__end_of_SYSTEM_Initialize     text4        0008C8
__end_of_TMR2_Initialize       text6        00091E
__end_of_UART_Initialize       text5        00089C
__end_of_UART_Write            text13       0008DE
__end_of__initialization       cinit        000870
__end_of_adc0Init              text2        0007E8
__end_of_adc1Init              text1        000834
__end_of_main                  text0        00072C
__end_of_readX                 text19       000764
__end_of_readY                 text18       0007C0
__end_ofi2_ANPinReset          text17       0008F4
__end_ofi2_UART_Write          text20       00090A
__end_ofi2_adc0Init            text16       000810
__end_ofi2_adc1Init            text15       000858
__initialization               cinit        000858
__mediumconst                  smallconst   000600
__pbssBANK1                    bssBANK1     000100
__pbssCOMRAM                   bssCOMRAM    00000F
__pcinit                       cinit        000858
__pcstackCOMRAM                cstackCOMRAM 000001
__pintcode                     intcode      000008
__pintcode_body                intcode_body 000602
__pintcodelo                   intcodelo    000018
__psmallconst                  smallconst   000600
__ptext0                       text0        0006EE
__ptext1                       text1        000810
__ptext10                      text10       00091E
__ptext12                      text12       00067E
__ptext13                      text13       0008C8
__ptext15                      text15       000834
__ptext16                      text16       0007E8
__ptext17                      text17       0008DE
__ptext18                      text18       000794
__ptext19                      text19       00072C
__ptext2                       text2        0007C0
__ptext20                      text20       0008F4
__ptext3                       text3        00089C
__ptext4                       text4        0008B2
__ptext5                       text5        00087A
__ptext6                       text6        00090A
__ptext7                       text7        000930
__ptext8                       text8        000938
__ptext9                       text9        000764
__ramtop                       ramtop       000600
__smallconst                   smallconst   000600
_adc0Init                      text2        0007C0
_adc1Init                      text1        000810
_axis                          bssCOMRAM    000013
_lenStr                        bssCOMRAM    000011
_main                          text0        0006EE
_mystring                      bssBANK1     000100
_readX                         text19       00072C
_readY                         text18       000794
_stringReady                   bssCOMRAM    00000F
btemp                          temp         000015
end_of_initialization          cinit        000870
i2UART_Write@data              cstackCOMRAM 000001
i2_ANPinReset                  text17       0008DE
i2_UART_Write                  text20       0008F4
i2_adc0Init                    text16       0007E8
i2_adc1Init                    text15       000834
int$flags                      temp         000015
int_func                       intcode_body 000602
intlevel0                      text         000000
intlevel1                      text         000000
intlevel2                      text         000000
intlevel3                      text         000000
isa$std                        (abs)        000001
isa$xinst                      (abs)        000000
readX@adcRead                  cstackCOMRAM 000006
readX@x_high                   cstackCOMRAM 000004
readX@x_low                    cstackCOMRAM 000005
readY@adcRead                  cstackCOMRAM 000006
readY@y_high                   cstackCOMRAM 000004
readY@y_low                    cstackCOMRAM 000005
stackhi                        (abs)        000000
stacklo                        (abs)        000000
start                          init         00006C
start_initialization           cinit        000858
ttemp5                         temp         000016
ttemp6                         temp         000019
ttemp7                         temp         00001D
wtemp8                         temp         000016


MODULE INFORMATION

Module		Function		Class		Link	Load	Size
setting_hardaware/interrupt_manager.c
		_INTERRUPT_Initialize		CODE           	0938	0000	8

setting_hardaware/interrupt_manager.c estimated size: 8

setting_hardaware/uart.c
		_Lo_ISR        		CODE           	0018	0000	84
		_MyusartRead   		CODE           	067E	0000	112
		_UART_Initialize		CODE           	087A	0000	34
		_UART_Write    		CODE           	08C8	0000	22

setting_hardaware/uart.c estimated size: 252

setting_hardaware/adc.c
		_ADC_Initialize		CODE           	0764	0000	48

setting_hardaware/adc.c estimated size: 48

shared
		i2_adc0Init    		CODE           	07E8	0000	40
		i2_UART_Write  		CODE           	08F4	0000	22
		__initialization		CODE           	0858	0000	24
		i2_adc1Init    		CODE           	0834	0000	36
		i2_ANPinReset  		CODE           	08DE	0000	22

shared estimated size: 144

setting_hardaware/setting.c
		_TMR2_Initialize		CODE           	090A	0000	20
		_OSCILLATOR_Initialize		CODE           	0930	0000	8
		_SYSTEM_Initialize		CODE           	08B2	0000	22

setting_hardaware/setting.c estimated size: 50

main.c
		_adc0Init      		CODE           	07C0	0000	40
		_main          		CODE           	06EE	0000	62
		_adc1Init      		CODE           	0810	0000	36
		_readX         		CODE           	072C	0000	56
		_LEDInit       		CODE           	091E	0000	18
		_ANPinReset    		CODE           	089C	0000	22
		_readY         		CODE           	0794	0000	44
		_Hi_ISR        		CODE           	0008	0000	130

main.c estimated size: 408

